<html>
<body>
<pre>
<h1>µVision Build Log</h1>
<h2>Tool Versions:</h2>
IDE-Version: •ÏVision V5.36.0.0
Copyright (C) 2021 ARM Ltd and ARM Germany GmbH. All rights reserved.
License Information: Park Sehwan, student, LIC=----
 
Tool Versions:
Toolchain:       MDK-Lite  Version: 5.36.0.0
Toolchain Path:  C:\Keil_v5\ARM\ARMCC\Bin
C Compiler:      Armcc.exe V5.06 update 7 (build 960)
Assembler:       Armasm.exe V5.06 update 7 (build 960)
Linker/Locator:  ArmLink.exe V5.06 update 7 (build 960)
Library Manager: ArmAr.exe V5.06 update 7 (build 960)
Hex Converter:   FromElf.exe V5.06 update 7 (build 960)
CPU DLL:         SARMCM3.DLL V5.36.0.0
Dialog DLL:      DCM.DLL V1.17.3.0
Target DLL:      CMSIS_AGDI.dll V1.33.0.0
Dialog DLL:      TCM.DLL V1.53.0.0
 
<h2>Project:</h2>
C:\Users\PETABREW001\Desktop\AT32_Keil_petabrew\AT32_proj\AT32_proj.uvprojx
Project File Date:  03/08/2022

<h2>Output:</h2>
*** Using Compiler 'V5.06 update 7 (build 960)', folder: 'C:\Keil_v5\ARM\ARMCC\Bin'
Rebuild target 'AT32_petabrew'
assembling startup_at32f413rx_hd.s...
compiling at32f4xx_exti.c...
compiling system_at32f4xx.c...
compiling at32f4xx_spi.c...
compiling at32f4xx_flash.c...
compiling at32f4xx_gpio_ex.c...
compiling peta.c...
compiling misc.c...
compiling at32f4xx_it.c...
compiling at32f4xx_i2c.c...
compiling at32f4xx_usart.c...
compiling at32f4xx_rcc.c...
compiling at32_board.c...
compiling at32f4xx_gpio.c...
compiling main.c...
compiling croutine.c...
compiling at32f4xx_adc.c...
compiling event_groups.c...
compiling list.c...
compiling heap_4.c...
compiling timers.c...
compiling stream_buffer.c...
compiling tasks.c...
compiling port.c...
compiling queue.c...
compiling at32f4xx_dma.c...
linking...
Program Size: Code=10648 RO-data=416 RW-data=248 ZI-data=9488  
FromELF: creating hex file...
".\Objects\AT32_proj.axf" - 0 Error(s), 0 Warning(s).

<h2>Software Packages used:</h2>

<h2>Collection of Component include folders:</h2>

<h2>Collection of Component Files used:</h2>
Build Time Elapsed:  00:00:02
</pre>
</body>
</html>
