Component: ARM Compiler 5.06 update 7 (build 960) Tool: armlink [4d3601]

==============================================================================

Section Cross References

    at32_board.o(i.AT32_BUTTON_Init) refers to at32f4xx_rcc.o(i.RCC_APB2PeriphClockCmd) for RCC_APB2PeriphClockCmd
    at32_board.o(i.AT32_BUTTON_Init) refers to at32f4xx_gpio.o(i.GPIO_StructInit) for GPIO_StructInit
    at32_board.o(i.AT32_BUTTON_Init) refers to at32f4xx_gpio.o(i.GPIO_Init) for GPIO_Init
    at32_board.o(i.AT32_BUTTON_Init) refers to at32_board.o(.data) for BUTTON_GPIO_RCC_CLK
    at32_board.o(i.AT32_BUTTON_Press) refers to at32_board.o(i.AT32_BUTTON_State) for AT32_BUTTON_State
    at32_board.o(i.AT32_BUTTON_Press) refers to at32_board.o(i.Delay_ms) for Delay_ms
    at32_board.o(i.AT32_BUTTON_Press) refers to at32_board.o(.data) for Pressed
    at32_board.o(i.AT32_BUTTON_State) refers to at32f4xx_gpio.o(i.GPIO_ReadInputDataBit) for GPIO_ReadInputDataBit
    at32_board.o(i.AT32_BUTTON_State) refers to at32_board.o(.data) for BUTTON_GPIO_PIN
    at32_board.o(i.AT32_Board_Init) refers to at32_board.o(i.Delay_init) for Delay_init
    at32_board.o(i.AT32_Board_Init) refers to at32_board.o(i.AT32_LEDn_Init) for AT32_LEDn_Init
    at32_board.o(i.AT32_Board_Init) refers to at32_board.o(i.AT32_LEDn_OFF) for AT32_LEDn_OFF
    at32_board.o(i.AT32_Board_Init) refers to at32_board.o(i.AT32_BUTTON_Init) for AT32_BUTTON_Init
    at32_board.o(i.AT32_LEDn_Init) refers to at32f4xx_rcc.o(i.RCC_APB2PeriphClockCmd) for RCC_APB2PeriphClockCmd
    at32_board.o(i.AT32_LEDn_Init) refers to at32f4xx_gpio.o(i.GPIO_StructInit) for GPIO_StructInit
    at32_board.o(i.AT32_LEDn_Init) refers to at32f4xx_gpio.o(i.GPIO_Init) for GPIO_Init
    at32_board.o(i.AT32_LEDn_Init) refers to at32_board.o(.data) for LED_GPIO_RCC_CLK
    at32_board.o(i.AT32_LEDn_OFF) refers to at32_board.o(.data) for LED_GPIO_PIN
    at32_board.o(i.AT32_LEDn_ON) refers to at32_board.o(.data) for LED_GPIO_PIN
    at32_board.o(i.AT32_LEDn_Toggle) refers to at32_board.o(.data) for LED_GPIO_PIN
    at32_board.o(i.AT32_USB_GPIO_init) refers to at32f4xx_rcc.o(i.RCC_APB2PeriphClockCmd) for RCC_APB2PeriphClockCmd
    at32_board.o(i.AT32_USB_GPIO_init) refers to at32f4xx_gpio.o(i.GPIO_StructInit) for GPIO_StructInit
    at32_board.o(i.AT32_USB_GPIO_init) refers to at32f4xx_gpio.o(i.GPIO_Init) for GPIO_Init
    at32_board.o(i.AT32_USB_GPIO_init) refers to at32f4xx_gpio.o(i.GPIO_ResetBits) for GPIO_ResetBits
    at32_board.o(i.Delay_init) refers to misc.o(i.SysTick_CLKSourceConfig) for SysTick_CLKSourceConfig
    at32_board.o(i.Delay_init) refers to system_at32f4xx.o(.data) for SystemCoreClock
    at32_board.o(i.Delay_init) refers to at32_board.o(.data) for fac_us
    at32_board.o(i.Delay_ms) refers to at32_board.o(.data) for fac_ms
    at32_board.o(i.Delay_sec) refers to at32_board.o(i.Delay_ms) for Delay_ms
    at32_board.o(i.Delay_us) refers to at32_board.o(.data) for fac_us
    at32_board.o(i.UART_Print_Init) refers to at32f4xx_rcc.o(i.RCC_APB2PeriphClockCmd) for RCC_APB2PeriphClockCmd
    at32_board.o(i.UART_Print_Init) refers to at32f4xx_gpio.o(i.GPIO_StructInit) for GPIO_StructInit
    at32_board.o(i.UART_Print_Init) refers to at32f4xx_gpio.o(i.GPIO_Init) for GPIO_Init
    at32_board.o(i.UART_Print_Init) refers to at32f4xx_usart.o(i.USART_StructInit) for USART_StructInit
    at32_board.o(i.UART_Print_Init) refers to at32f4xx_usart.o(i.USART_Init) for USART_Init
    at32_board.o(i.UART_Print_Init) refers to at32f4xx_usart.o(i.USART_INTConfig) for USART_INTConfig
    at32_board.o(i.UART_Print_Init) refers to at32f4xx_usart.o(i.USART_Cmd) for USART_Cmd
    at32_board.o(i.fputc) refers to at32f4xx_usart.o(i.USART_SendData) for USART_SendData
    at32_board.o(i.fputc) refers to at32f4xx_usart.o(i.USART_GetFlagStatus) for USART_GetFlagStatus
    system_at32f4xx.o(i.SystemCoreClockUpdate) refers to system_at32f4xx.o(.data) for SystemCoreClock
    system_at32f4xx.o(i.SystemInit) refers to system_at32f4xx.o(i.SetSysClock) for SetSysClock
    startup_at32f413rx_hd.o(RESET) refers to startup_at32f413rx_hd.o(STACK) for __initial_sp
    startup_at32f413rx_hd.o(RESET) refers to startup_at32f413rx_hd.o(.text) for Reset_Handler
    startup_at32f413rx_hd.o(RESET) refers to at32f4xx_it.o(i.NMI_Handler) for NMI_Handler
    startup_at32f413rx_hd.o(RESET) refers to at32f4xx_it.o(i.HardFault_Handler) for HardFault_Handler
    startup_at32f413rx_hd.o(RESET) refers to at32f4xx_it.o(i.MemManage_Handler) for MemManage_Handler
    startup_at32f413rx_hd.o(RESET) refers to at32f4xx_it.o(i.BusFault_Handler) for BusFault_Handler
    startup_at32f413rx_hd.o(RESET) refers to at32f4xx_it.o(i.UsageFault_Handler) for UsageFault_Handler
    startup_at32f413rx_hd.o(RESET) refers to port.o(.emb_text) for SVC_Handler
    startup_at32f413rx_hd.o(RESET) refers to at32f4xx_it.o(i.DebugMon_Handler) for DebugMon_Handler
    startup_at32f413rx_hd.o(RESET) refers to port.o(i.SysTick_Handler) for SysTick_Handler
[...]
    tasks.o(i.xTaskNotifyStateClear) refers to tasks.o(.data) for pxCurrentTCB
    tasks.o(i.xTaskNotifyWait) refers to port.o(i.vPortEnterCritical) for vPortEnterCritical
    tasks.o(i.xTaskNotifyWait) refers to tasks.o(i.prvAddCurrentTaskToDelayedList) for prvAddCurrentTaskToDelayedList
    tasks.o(i.xTaskNotifyWait) refers to port.o(i.vPortExitCritical) for vPortExitCritical
    tasks.o(i.xTaskNotifyWait) refers to tasks.o(.data) for pxCurrentTCB
    tasks.o(i.xTaskRemoveFromEventList) refers to list.o(i.uxListRemove) for uxListRemove
    tasks.o(i.xTaskRemoveFromEventList) refers to list.o(i.vListInsertEnd) for vListInsertEnd
    tasks.o(i.xTaskRemoveFromEventList) refers to tasks.o(.data) for uxSchedulerSuspended
    tasks.o(i.xTaskRemoveFromEventList) refers to tasks.o(.bss) for pxReadyTasksLists
    tasks.o(i.xTaskResumeAll) refers to port.o(i.vPortEnterCritical) for vPortEnterCritical
    tasks.o(i.xTaskResumeAll) refers to list.o(i.uxListRemove) for uxListRemove
    tasks.o(i.xTaskResumeAll) refers to list.o(i.vListInsertEnd) for vListInsertEnd
    tasks.o(i.xTaskResumeAll) refers to tasks.o(i.prvResetNextTaskUnblockTime) for prvResetNextTaskUnblockTime
    tasks.o(i.xTaskResumeAll) refers to tasks.o(i.xTaskIncrementTick) for xTaskIncrementTick
    tasks.o(i.xTaskResumeAll) refers to port.o(i.vPortExitCritical) for vPortExitCritical
    tasks.o(i.xTaskResumeAll) refers to tasks.o(.data) for uxSchedulerSuspended
    tasks.o(i.xTaskResumeAll) refers to tasks.o(.bss) for xPendingReadyList
    tasks.o(i.xTaskResumeFromISR) refers to port.o(i.vPortValidateInterruptPriority) for vPortValidateInterruptPriority
    tasks.o(i.xTaskResumeFromISR) refers to tasks.o(i.prvTaskIsTaskSuspended) for prvTaskIsTaskSuspended
    tasks.o(i.xTaskResumeFromISR) refers to list.o(i.uxListRemove) for uxListRemove
    tasks.o(i.xTaskResumeFromISR) refers to list.o(i.vListInsertEnd) for vListInsertEnd
    tasks.o(i.xTaskResumeFromISR) refers to tasks.o(.data) for uxSchedulerSuspended
    tasks.o(i.xTaskResumeFromISR) refers to tasks.o(.bss) for pxReadyTasksLists
    entry.o(.ARM.Collect$$$$00000000) refers (Special) to entry10a.o(.ARM.Collect$$$$0000000F) for __rt_final_cpp
    entry.o(.ARM.Collect$$$$00000000) refers (Special) to entry11a.o(.ARM.Collect$$$$00000011) for __rt_final_exit
    entry.o(.ARM.Collect$$$$00000000) refers (Special) to entry12b.o(.ARM.Collect$$$$0000000E) for __rt_lib_shutdown_fini
    entry.o(.ARM.Collect$$$$00000000) refers (Special) to entry7b.o(.ARM.Collect$$$$00000008) for _main_clock
    entry.o(.ARM.Collect$$$$00000000) refers (Special) to entry8b.o(.ARM.Collect$$$$0000000A) for _main_cpp_init
    entry.o(.ARM.Collect$$$$00000000) refers (Special) to entry9a.o(.ARM.Collect$$$$0000000B) for _main_init
    entry.o(.ARM.Collect$$$$00000000) refers (Special) to entry5.o(.ARM.Collect$$$$00000004) for _main_scatterload
    entry.o(.ARM.Collect$$$$00000000) refers (Special) to entry2.o(.ARM.Collect$$$$00000001) for _main_stk
    uldiv.o(.text) refers to llushr.o(.text) for __aeabi_llsr
    uldiv.o(.text) refers to llshl.o(.text) for __aeabi_llsl
    entry2.o(.ARM.Collect$$$$00000001) refers to entry2.o(.ARM.Collect$$$$00002712) for __lit__00000000
    entry2.o(.ARM.Collect$$$$00002712) refers to startup_at32f413rx_hd.o(STACK) for __initial_sp
    entry2.o(__vectab_stack_and_reset_area) refers to startup_at32f413rx_hd.o(STACK) for __initial_sp
    entry2.o(__vectab_stack_and_reset_area) refers to entry.o(.ARM.Collect$$$$00000000) for __main
    entry5.o(.ARM.Collect$$$$00000004) refers to init.o(.text) for __scatterload
    entry9a.o(.ARM.Collect$$$$0000000B) refers to main.o(i.main) for main
    entry9b.o(.ARM.Collect$$$$0000000C) refers to main.o(i.main) for main
    init.o(.text) refers to entry5.o(.ARM.Collect$$$$00000004) for __main_after_scatterload


==============================================================================

Removing Unused input sections from the image.

    Removing at32_board.o(.rev16_text), (4 bytes).
    Removing at32_board.o(.revsh_text), (4 bytes).
    Removing at32_board.o(.rrx_text), (6 bytes).
    Removing at32_board.o(i.AT32_BUTTON_Press), (100 bytes).
    Removing at32_board.o(i.AT32_BUTTON_State), (32 bytes).
    Removing at32_board.o(i.AT32_LEDn_ON), (40 bytes).
    Removing at32_board.o(i.AT32_LEDn_Toggle), (52 bytes).
    Removing at32_board.o(i.AT32_USB_GPIO_init), (60 bytes).
    Removing at32_board.o(i.Delay_ms), (112 bytes).
    Removing at32_board.o(i.Delay_sec), (34 bytes).
    Removing at32_board.o(i.Delay_us), (76 bytes).
    Removing at32_board.o(i.UART_Print_Init), (152 bytes).
    Removing at32_board.o(i._sys_exit), (4 bytes).
    Removing at32_board.o(i.fputc), (36 bytes).
    Removing system_at32f4xx.o(.rev16_text), (4 bytes).
    Removing system_at32f4xx.o(.revsh_text), (4 bytes).
    Removing system_at32f4xx.o(.rrx_text), (6 bytes).
    Removing system_at32f4xx.o(i.SystemCoreClockUpdate), (272 bytes).
    Removing startup_at32f413rx_hd.o(HEAP), (512 bytes).
    Removing at32f4xx_it.o(.rev16_text), (4 bytes).
    Removing at32f4xx_it.o(.revsh_text), (4 bytes).
    Removing at32f4xx_it.o(.rrx_text), (6 bytes).
    Removing main.o(.rev16_text), (4 bytes).
    Removing main.o(.revsh_text), (4 bytes).
    Removing main.o(.rrx_text), (6 bytes).
    Removing peta.o(.rev16_text), (4 bytes).
    Removing peta.o(.revsh_text), (4 bytes).
    Removing peta.o(.rrx_text), (6 bytes).
    Removing at32f4xx_exti.o(.rev16_text), (4 bytes).
    Removing at32f4xx_exti.o(.revsh_text), (4 bytes).
    Removing at32f4xx_exti.o(.rrx_text), (6 bytes).
    Removing at32f4xx_exti.o(i.EXTI_ClearFlag), (12 bytes).
    Removing at32f4xx_exti.o(i.EXTI_ClearIntPendingBit), (12 bytes).
    Removing at32f4xx_exti.o(i.EXTI_GenerateSWInt), (16 bytes).
    Removing at32f4xx_exti.o(i.EXTI_GetFlagStatus), (24 bytes).
    Removing at32f4xx_exti.o(i.EXTI_GetIntStatus), (40 bytes).
    Removing at32f4xx_exti.o(i.EXTI_Init), (148 bytes).
    Removing at32f4xx_exti.o(i.EXTI_Reset), (36 bytes).
    Removing at32f4xx_exti.o(i.EXTI_StructInit), (16 bytes).
    Removing at32f4xx_flash.o(.rev16_text), (4 bytes).
    Removing at32f4xx_flash.o(.revsh_text), (4 bytes).
    Removing at32f4xx_flash.o(.rrx_text), (6 bytes).
    Removing at32f4xx_flash.o(i.FLASH_Bank3EncEndAddrConfig), (152 bytes).
    Removing at32f4xx_flash.o(i.FLASH_ClearFlag), (24 bytes).
    Removing at32f4xx_flash.o(i.FLASH_EnableWriteProtect), (204 bytes).
    Removing at32f4xx_flash.o(i.FLASH_EraseAllPages), (68 bytes).
    Removing at32f4xx_flash.o(i.FLASH_EraseBank1AllPages), (68 bytes).
    Removing at32f4xx_flash.o(i.FLASH_EraseBank3AllPages), (96 bytes).
    Removing at32f4xx_flash.o(i.FLASH_ErasePage), (172 bytes).
    Removing at32f4xx_flash.o(i.FLASH_EraseUserOptionBytes), (160 bytes).
    Removing at32f4xx_flash.o(i.FLASH_GetBank1Status), (52 bytes).
    Removing at32f4xx_flash.o(i.FLASH_GetBank3Status), (52 bytes).
    Removing at32f4xx_flash.o(i.FLASH_GetFlagStatus), (72 bytes).
    Removing at32f4xx_flash.o(i.FLASH_GetReadProtectStatus), (24 bytes).
    Removing at32f4xx_flash.o(i.FLASH_GetSlibCurCnt), (16 bytes).
    Removing at32f4xx_flash.o(i.FLASH_GetSlibDataStartPage), (16 bytes).
    Removing at32f4xx_flash.o(i.FLASH_GetSlibEndPage), (12 bytes).
    Removing at32f4xx_flash.o(i.FLASH_GetSlibInstrStartPage), (16 bytes).
    Removing at32f4xx_flash.o(i.FLASH_GetSlibStartPage), (16 bytes).
    Removing at32f4xx_flash.o(i.FLASH_GetSlibState), (24 bytes).
    Removing at32f4xx_flash.o(i.FLASH_GetStatus), (52 bytes).
    Removing at32f4xx_flash.o(i.FLASH_GetUserOptionByte), (12 bytes).
    Removing at32f4xx_flash.o(i.FLASH_GetWriteProtectStatus), (12 bytes).
    Removing at32f4xx_flash.o(i.FLASH_INTConfig), (88 bytes).
    Removing at32f4xx_flash.o(i.FLASH_Lock), (20 bytes).
    Removing at32f4xx_flash.o(i.FLASH_LockBank1), (20 bytes).
    Removing at32f4xx_flash.o(i.FLASH_LockBank3), (24 bytes).
    Removing at32f4xx_flash.o(i.FLASH_ProgramByte), (88 bytes).
    Removing at32f4xx_flash.o(i.FLASH_ProgramHalfWord), (152 bytes).
    Removing at32f4xx_flash.o(i.FLASH_ProgramUserOptionByteData), (88 bytes).
    Removing at32f4xx_flash.o(i.FLASH_ProgramWord), (152 bytes).
    Removing at32f4xx_flash.o(i.FLASH_ReadProtectConfig), (164 bytes).
    Removing at32f4xx_flash.o(i.FLASH_SlibDisable), (52 bytes).
    Removing at32f4xx_flash.o(i.FLASH_SlibMainEnable), (144 bytes).
    Removing at32f4xx_flash.o(i.FLASH_Unlock), (24 bytes).
    Removing at32f4xx_flash.o(i.FLASH_UnlockBank1), (24 bytes).
    Removing at32f4xx_flash.o(i.FLASH_UnlockBank3), (32 bytes).
    Removing at32f4xx_flash.o(i.FLASH_UserOptionByteConfig), (104 bytes).
    Removing at32f4xx_flash.o(i.FLASH_WaitForBank1Process), (38 bytes).
    Removing at32f4xx_flash.o(i.FLASH_WaitForBank3Process), (38 bytes).
    Removing at32f4xx_flash.o(i.FLASH_WaitForProcess), (38 bytes).
    Removing at32f4xx_gpio.o(.rev16_text), (4 bytes).
    Removing at32f4xx_gpio.o(.revsh_text), (4 bytes).
    Removing at32f4xx_gpio.o(.rrx_text), (6 bytes).
    Removing at32f4xx_gpio.o(i.GPIO_AFIOReset), (20 bytes).
    Removing at32f4xx_gpio.o(i.GPIO_ETH_MediaInterfaceConfig), (12 bytes).
    Removing at32f4xx_gpio.o(i.GPIO_EXTILineConfig), (64 bytes).
    Removing at32f4xx_gpio.o(i.GPIO_EventOutputCmd), (12 bytes).
    Removing at32f4xx_gpio.o(i.GPIO_EventOutputConfig), (32 bytes).
    Removing at32f4xx_gpio.o(i.GPIO_PinsLockConfig), (18 bytes).
    Removing at32f4xx_gpio.o(i.GPIO_ReadInputData), (8 bytes).
    Removing at32f4xx_gpio.o(i.GPIO_ReadInputDataBit), (18 bytes).
    Removing at32f4xx_gpio.o(i.GPIO_ReadOutputData), (8 bytes).
    Removing at32f4xx_gpio.o(i.GPIO_ReadOutputDataBit), (18 bytes).
    Removing at32f4xx_gpio.o(i.GPIO_Reset), (144 bytes).
    Removing at32f4xx_gpio.o(i.GPIO_ResetBits), (4 bytes).
    Removing at32f4xx_gpio.o(i.GPIO_SetBits), (4 bytes).
    Removing at32f4xx_gpio.o(i.GPIO_Write), (4 bytes).
    Removing at32f4xx_gpio.o(i.GPIO_WriteBit), (10 bytes).
    Removing at32f4xx_gpio_ex.o(.rev16_text), (4 bytes).
    Removing at32f4xx_gpio_ex.o(.revsh_text), (4 bytes).
    Removing at32f4xx_gpio_ex.o(.rrx_text), (6 bytes).
    Removing at32f4xx_i2c.o(.rev16_text), (4 bytes).
    Removing at32f4xx_i2c.o(.revsh_text), (4 bytes).
    Removing at32f4xx_i2c.o(.rrx_text), (6 bytes).
    Removing at32f4xx_i2c.o(i.I2C_ARPCmd), (24 bytes).
    Removing at32f4xx_i2c.o(i.I2C_AcknowledgeConfig), (24 bytes).
    Removing at32f4xx_i2c.o(i.I2C_CalculatePEC), (24 bytes).
    Removing at32f4xx_i2c.o(i.I2C_CheckEvent), (42 bytes).
    Removing at32f4xx_i2c.o(i.I2C_ClearFlag), (12 bytes).
    Removing at32f4xx_i2c.o(i.I2C_ClearITPendingBit), (12 bytes).
    Removing at32f4xx_i2c.o(i.I2C_Cmd), (24 bytes).
    Removing at32f4xx_i2c.o(i.I2C_DMACmd), (24 bytes).
    Removing at32f4xx_i2c.o(i.I2C_DMALastTransferCmd), (24 bytes).
    Removing at32f4xx_i2c.o(i.I2C_DeInit), (64 bytes).
    Removing at32f4xx_i2c.o(i.I2C_DualAddressCmd), (24 bytes).
    Removing at32f4xx_i2c.o(i.I2C_FastModeDutyCycleConfig), (28 bytes).
    Removing at32f4xx_i2c.o(i.I2C_GeneralCallCmd), (24 bytes).
    Removing at32f4xx_i2c.o(i.I2C_GenerateSTART), (24 bytes).
    Removing at32f4xx_i2c.o(i.I2C_GenerateSTOP), (24 bytes).
    Removing at32f4xx_i2c.o(i.I2C_GetFlagStatus), (58 bytes).
    Removing at32f4xx_i2c.o(i.I2C_GetINTStatus), (38 bytes).
    Removing at32f4xx_i2c.o(i.I2C_GetLastEvent), (26 bytes).
    Removing at32f4xx_i2c.o(i.I2C_GetPEC), (8 bytes).
    Removing at32f4xx_i2c.o(i.I2C_INTConfig), (18 bytes).
    Removing at32f4xx_i2c.o(i.I2C_Init), (232 bytes).
    Removing at32f4xx_i2c.o(i.I2C_NACKPositionConfig), (28 bytes).
    Removing at32f4xx_i2c.o(i.I2C_OwnAddress2Config), (22 bytes).
    Removing at32f4xx_i2c.o(i.I2C_PECPositionConfig), (28 bytes).
    Removing at32f4xx_i2c.o(i.I2C_ReadRegister), (22 bytes).
    Removing at32f4xx_i2c.o(i.I2C_ReceiveData), (8 bytes).
    Removing at32f4xx_i2c.o(i.I2C_SMBusAlertConfig), (28 bytes).
    Removing at32f4xx_i2c.o(i.I2C_Send7bitAddress), (18 bytes).
    Removing at32f4xx_i2c.o(i.I2C_SendData), (4 bytes).
    Removing at32f4xx_i2c.o(i.I2C_SoftwareResetCmd), (22 bytes).
    Removing at32f4xx_i2c.o(i.I2C_StretchClockCmd), (24 bytes).
    Removing at32f4xx_i2c.o(i.I2C_StructInit), (30 bytes).
    Removing at32f4xx_i2c.o(i.I2C_TransmitPEC), (24 bytes).
    Removing at32f4xx_rcc.o(.rev16_text), (4 bytes).
    Removing at32f4xx_rcc.o(.revsh_text), (4 bytes).
    Removing at32f4xx_rcc.o(.rrx_text), (6 bytes).
    Removing at32f4xx_rcc.o(i.RCC_ADCCLKConfig), (28 bytes).
    Removing at32f4xx_rcc.o(i.RCC_AHBCLKConfig), (24 bytes).
    Removing at32f4xx_rcc.o(i.RCC_APB1CLKConfig), (24 bytes).
    Removing at32f4xx_rcc.o(i.RCC_APB1PeriphResetCmd), (32 bytes).
    Removing at32f4xx_rcc.o(i.RCC_APB2CLKConfig), (24 bytes).
    Removing at32f4xx_rcc.o(i.RCC_APB2PeriphResetCmd), (32 bytes).
    Removing at32f4xx_rcc.o(i.RCC_BackupResetCmd), (12 bytes).
    Removing at32f4xx_rcc.o(i.RCC_CLKOUTConfig), (80 bytes).
    Removing at32f4xx_rcc.o(i.RCC_ClearFlag), (20 bytes).
    Removing at32f4xx_rcc.o(i.RCC_ClearINTPendingBit), (12 bytes).
    Removing at32f4xx_rcc.o(i.RCC_GetFlagStatus), (60 bytes).
    Removing at32f4xx_rcc.o(i.RCC_GetINTStatus), (24 bytes).
    Removing at32f4xx_rcc.o(i.RCC_GetSYSCLKSelction), (16 bytes).
    Removing at32f4xx_rcc.o(i.RCC_HSEClockFailureDetectorCmd), (12 bytes).
    Removing at32f4xx_rcc.o(i.RCC_HSEConfig), (76 bytes).
    Removing at32f4xx_rcc.o(i.RCC_HSEENDelay), (12 bytes).
    Removing at32f4xx_rcc.o(i.RCC_HSI2SYS48M), (48 bytes).
    Removing at32f4xx_rcc.o(i.RCC_HSI2USB48M), (48 bytes).
    Removing at32f4xx_rcc.o(i.RCC_HSICmd), (12 bytes).
    Removing at32f4xx_rcc.o(i.RCC_INTConfig), (32 bytes).
    Removing at32f4xx_rcc.o(i.RCC_LSEConfig), (52 bytes).
    Removing at32f4xx_rcc.o(i.RCC_LSICmd), (12 bytes).
    Removing at32f4xx_rcc.o(i.RCC_MCO2TMR10), (36 bytes).
    Removing at32f4xx_rcc.o(i.RCC_PLLCmd), (12 bytes).
    Removing at32f4xx_rcc.o(i.RCC_PLLConfig), (36 bytes).
    Removing at32f4xx_rcc.o(i.RCC_RTCCLKCmd), (12 bytes).
    Removing at32f4xx_rcc.o(i.RCC_RTCCLKConfig), (16 bytes).
    Removing at32f4xx_rcc.o(i.RCC_Reset), (96 bytes).
    Removing at32f4xx_rcc.o(i.RCC_SYSCLKConfig), (24 bytes).
    Removing at32f4xx_rcc.o(i.RCC_SetHSICalibValue), (44 bytes).
    Removing at32f4xx_rcc.o(i.RCC_SetHSITweakValue), (24 bytes).
    Removing at32f4xx_rcc.o(i.RCC_StepModeCmd), (36 bytes).
    Removing at32f4xx_rcc.o(i.RCC_USBCLKConfig), (24 bytes).
    Removing at32f4xx_rcc.o(i.RCC_USBINTRemap), (36 bytes).
    Removing at32f4xx_rcc.o(i.RCC_WaitForHSEStable), (64 bytes).
    Removing at32f4xx_spi.o(.rev16_text), (4 bytes).
    Removing at32f4xx_spi.o(.revsh_text), (4 bytes).
    Removing at32f4xx_spi.o(.rrx_text), (6 bytes).
    Removing at32f4xx_spi.o(i.I2S_DefaultInit), (20 bytes).
    Removing at32f4xx_spi.o(i.I2S_Enable), (24 bytes).
    Removing at32f4xx_spi.o(i.I2S_Init), (256 bytes).
    Removing at32f4xx_spi.o(i.SPI_CRCEN), (24 bytes).
    Removing at32f4xx_spi.o(i.SPI_DefaultInitParaConfig), (24 bytes).
    Removing at32f4xx_spi.o(i.SPI_Enable), (24 bytes).
    Removing at32f4xx_spi.o(i.SPI_FrameSizeConfig), (18 bytes).
    Removing at32f4xx_spi.o(i.SPI_GetCRC), (16 bytes).
    Removing at32f4xx_spi.o(i.SPI_GetCRCPolynomial), (6 bytes).
    Removing at32f4xx_spi.o(i.SPI_HalfDuplexTransModeConfig), (28 bytes).
    Removing at32f4xx_spi.o(i.SPI_I2S_ClearFlag), (6 bytes).
    Removing at32f4xx_spi.o(i.SPI_I2S_ClearINTPendingBit), (20 bytes).
    Removing at32f4xx_spi.o(i.SPI_I2S_DMAEnable), (18 bytes).
    Removing at32f4xx_spi.o(i.SPI_I2S_GetFlagStatus), (18 bytes).
    Removing at32f4xx_spi.o(i.SPI_I2S_GetITStatus), (52 bytes).
    Removing at32f4xx_spi.o(i.SPI_I2S_INTConfig), (32 bytes).
    Removing at32f4xx_spi.o(i.SPI_I2S_Reset), (60 bytes).
    Removing at32f4xx_spi.o(i.SPI_I2S_RxData), (6 bytes).
    Removing at32f4xx_spi.o(i.SPI_I2S_TxData), (4 bytes).
    Removing at32f4xx_spi.o(i.SPI_Init), (90 bytes).
    Removing at32f4xx_spi.o(i.SPI_NSSHardwareOutputEnable), (24 bytes).
    Removing at32f4xx_spi.o(i.SPI_NSSInternalSoftwareConfig), (30 bytes).
    Removing at32f4xx_spi.o(i.SPI_TxCRC), (10 bytes).
    Removing at32f4xx_usart.o(.rev16_text), (4 bytes).
    Removing at32f4xx_usart.o(.revsh_text), (4 bytes).
    Removing at32f4xx_usart.o(.rrx_text), (6 bytes).
    Removing at32f4xx_usart.o(i.USART_ClearFlag), (18 bytes).
    Removing at32f4xx_usart.o(i.USART_ClockInit), (34 bytes).
    Removing at32f4xx_usart.o(i.USART_ClockStructInit), (12 bytes).
    Removing at32f4xx_usart.o(i.USART_HalfDuplexCmd), (24 bytes).
    Removing at32f4xx_usart.o(i.USART_IrDACmd), (24 bytes).
    Removing at32f4xx_usart.o(i.USART_IrDAConfig), (18 bytes).
    Removing at32f4xx_usart.o(i.USART_LINBreakDetectLengthConfig), (18 bytes).
    Removing at32f4xx_usart.o(i.USART_LINCmd), (24 bytes).
    Removing at32f4xx_usart.o(i.USART_ReceiverWakeUpCmd), (24 bytes).
    Removing at32f4xx_usart.o(i.USART_Reset), (156 bytes).
    Removing at32f4xx_usart.o(i.USART_SendBreak), (10 bytes).
    Removing at32f4xx_usart.o(i.USART_SetAddress), (18 bytes).
    Removing at32f4xx_usart.o(i.USART_SetGuardTime), (16 bytes).
    Removing at32f4xx_usart.o(i.USART_SetPrescaler), (16 bytes).
    Removing at32f4xx_usart.o(i.USART_SmartCardCmd), (24 bytes).
    Removing at32f4xx_usart.o(i.USART_SmartCardNACKCmd), (24 bytes).
    Removing at32f4xx_usart.o(i.USART_WakeUpConfig), (18 bytes).
    Removing misc.o(.rev16_text), (4 bytes).
    Removing misc.o(.revsh_text), (4 bytes).
    Removing misc.o(.rrx_text), (6 bytes).
    Removing misc.o(i.NVIC_SetVectorTable), (20 bytes).
    Removing misc.o(i.NVIC_SystemLPConfig), (32 bytes).
    Removing at32f4xx_adc.o(.rev16_text), (4 bytes).
    Removing at32f4xx_adc.o(.revsh_text), (4 bytes).
    Removing at32f4xx_adc.o(.rrx_text), (6 bytes).
    Removing at32f4xx_adc.o(i.ADC_AnalogWDGCtrl), (20 bytes).
    Removing at32f4xx_adc.o(i.ADC_AnalogWDGSingleChannelConfig), (16 bytes).
    Removing at32f4xx_adc.o(i.ADC_AnalogWDGThresholdsConfig), (6 bytes).
    Removing at32f4xx_adc.o(i.ADC_AutoInjectedConvCtrl), (22 bytes).
    Removing at32f4xx_adc.o(i.ADC_ClearFlag), (6 bytes).
    Removing at32f4xx_adc.o(i.ADC_ClearINTPendingBit), (10 bytes).
    Removing at32f4xx_adc.o(i.ADC_DiscModeChannelCountConfig), (24 bytes).
    Removing at32f4xx_adc.o(i.ADC_DiscModeCtrl), (22 bytes).
    Removing at32f4xx_adc.o(i.ADC_ExternalTrigConvCtrl), (22 bytes).
    Removing at32f4xx_adc.o(i.ADC_ExternalTrigInjectedConvConfig), (20 bytes).
    Removing at32f4xx_adc.o(i.ADC_ExternalTrigInjectedConvCtrl), (22 bytes).
    Removing at32f4xx_adc.o(i.ADC_GetConversionValue), (8 bytes).
    Removing at32f4xx_adc.o(i.ADC_GetDualModeConversionValue), (12 bytes).
    Removing at32f4xx_adc.o(i.ADC_GetFlagStatus), (18 bytes).
    Removing at32f4xx_adc.o(i.ADC_GetINTStatus), (36 bytes).
    Removing at32f4xx_adc.o(i.ADC_GetInjectedConversionValue), (28 bytes).
    Removing at32f4xx_adc.o(i.ADC_GetSoftwareStartConvStatus), (20 bytes).
    Removing at32f4xx_adc.o(i.ADC_GetSoftwareStartInjectedConvCtrlStatus), (20 bytes).
    Removing at32f4xx_adc.o(i.ADC_INTConfig), (24 bytes).
    Removing at32f4xx_adc.o(i.ADC_InjectedChannelConfig), (130 bytes).
    Removing at32f4xx_adc.o(i.ADC_InjectedDiscModeCtrl), (22 bytes).
    Removing at32f4xx_adc.o(i.ADC_InjectedSequencerLengthConfig), (24 bytes).
    Removing at32f4xx_adc.o(i.ADC_Reset), (60 bytes).
    Removing at32f4xx_adc.o(i.ADC_SetInjectedOffset), (20 bytes).
    Removing at32f4xx_adc.o(i.ADC_SoftwareStartInjectedConvCtrl), (22 bytes).
    Removing at32f4xx_adc.o(i.ADC_TempSensorVrefintCtrl), (36 bytes).
    Removing at32f4xx_dma.o(.rev16_text), (4 bytes).
    Removing at32f4xx_dma.o(.revsh_text), (4 bytes).
    Removing at32f4xx_dma.o(.rrx_text), (6 bytes).
    Removing at32f4xx_dma.o(i.DMA_ClearFlag), (28 bytes).
    Removing at32f4xx_dma.o(i.DMA_ClearITPendingBit), (28 bytes).
    Removing at32f4xx_dma.o(i.DMA_Flexible_Config), (210 bytes).
    Removing at32f4xx_dma.o(i.DMA_GetCurrDataCounter), (8 bytes).
    Removing at32f4xx_dma.o(i.DMA_GetFlagStatus), (44 bytes).
    Removing at32f4xx_dma.o(i.DMA_GetITStatus), (44 bytes).
    Removing at32f4xx_dma.o(i.DMA_INTConfig), (18 bytes).
    Removing at32f4xx_dma.o(i.DMA_SetCurrDataCounter), (4 bytes).
    Removing event_groups.o(i.prvTestWaitCondition), (30 bytes).
    Removing event_groups.o(i.vEventGroupClearBitsCallback), (16 bytes).
    Removing event_groups.o(i.vEventGroupDelete), (82 bytes).
    Removing event_groups.o(i.vEventGroupSetBitsCallback), (16 bytes).
    Removing event_groups.o(i.xEventGroupClearBits), (92 bytes).
    Removing event_groups.o(i.xEventGroupCreate), (26 bytes).
    Removing event_groups.o(i.xEventGroupGetBitsFromISR), (44 bytes).
    Removing event_groups.o(i.xEventGroupSetBits), (206 bytes).
    Removing event_groups.o(i.xEventGroupSync), (236 bytes).
    Removing event_groups.o(i.xEventGroupWaitBits), (300 bytes).
    Removing heap_4.o(i.vPortInitialiseBlocks), (2 bytes).
    Removing heap_4.o(i.xPortGetFreeHeapSize), (12 bytes).
    Removing heap_4.o(i.xPortGetMinimumEverFreeHeapSize), (12 bytes).
    Removing port.o(i.vPortEndScheduler), (48 bytes).
    Removing port.o(i.vPortValidateInterruptPriority), (120 bytes).
    Removing queue.o(i.prvCopyDataFromQueue), (42 bytes).
    Removing queue.o(i.prvCopyDataToQueue), (106 bytes).
    Removing queue.o(i.prvInitialiseNewQueue), (38 bytes).
    Removing queue.o(i.prvIsQueueEmpty), (26 bytes).
    Removing queue.o(i.prvIsQueueFull), (30 bytes).
    Removing queue.o(i.prvUnlockQueue), (126 bytes).
    Removing queue.o(i.uxQueueMessagesWaiting), (42 bytes).
    Removing queue.o(i.uxQueueMessagesWaitingFromISR), (30 bytes).
    Removing queue.o(i.uxQueueSpacesAvailable), (48 bytes).
    Removing queue.o(i.vQueueDelete), (38 bytes).
    Removing queue.o(i.xQueueGenericCreate), (88 bytes).
    Removing queue.o(i.xQueueGenericReset), (152 bytes).
    Removing queue.o(i.xQueueGenericSend), (384 bytes).
    Removing queue.o(i.xQueueGenericSendFromISR), (248 bytes).
    Removing queue.o(i.xQueueGiveFromISR), (224 bytes).
    Removing queue.o(i.xQueueIsQueueEmptyFromISR), (38 bytes).
    Removing queue.o(i.xQueueIsQueueFullFromISR), (42 bytes).
    Removing queue.o(i.xQueuePeek), (328 bytes).
    Removing queue.o(i.xQueuePeekFromISR), (176 bytes).
    Removing queue.o(i.xQueueReceive), (320 bytes).
    Removing queue.o(i.xQueueReceiveFromISR), (202 bytes).
    Removing queue.o(i.xQueueSemaphoreTake), (296 bytes).
    Removing stream_buffer.o(i.prvBytesInBuffer), (24 bytes).
    Removing stream_buffer.o(i.prvInitialiseNewStreamBuffer), (96 bytes).
    Removing stream_buffer.o(i.prvReadBytesFromBuffer), (202 bytes).
    Removing stream_buffer.o(i.prvReadMessageFromBuffer), (72 bytes).
    Removing stream_buffer.o(i.prvWriteBytesToBuffer), (186 bytes).
    Removing stream_buffer.o(i.prvWriteMessageToBuffer), (92 bytes).
    Removing stream_buffer.o(i.vStreamBufferDelete), (56 bytes).
    Removing stream_buffer.o(i.xStreamBufferBytesAvailable), (42 bytes).
    Removing stream_buffer.o(i.xStreamBufferGenericCreate), (114 bytes).
    Removing stream_buffer.o(i.xStreamBufferIsEmpty), (46 bytes).
    Removing stream_buffer.o(i.xStreamBufferIsFull), (64 bytes).
    Removing stream_buffer.o(i.xStreamBufferReceive), (254 bytes).
    Removing stream_buffer.o(i.xStreamBufferReceiveCompletedFromISR), (102 bytes).
    Removing stream_buffer.o(i.xStreamBufferReceiveFromISR), (184 bytes).
    Removing stream_buffer.o(i.xStreamBufferReset), (74 bytes).
    Removing stream_buffer.o(i.xStreamBufferSend), (274 bytes).
    Removing stream_buffer.o(i.xStreamBufferSendCompletedFromISR), (102 bytes).
    Removing stream_buffer.o(i.xStreamBufferSendFromISR), (184 bytes).
    Removing stream_buffer.o(i.xStreamBufferSetTriggerLevel), (50 bytes).
    Removing stream_buffer.o(i.xStreamBufferSpacesAvailable), (54 bytes).
    Removing tasks.o(i.pcTaskGetName), (48 bytes).
    Removing tasks.o(i.prvTaskIsTaskSuspended), (88 bytes).
    Removing tasks.o(i.ulTaskNotifyTake), (116 bytes).
    Removing tasks.o(i.uxTaskGetNumberOfTasks), (12 bytes).
    Removing tasks.o(i.uxTaskPriorityGet), (36 bytes).
    Removing tasks.o(i.uxTaskPriorityGetFromISR), (68 bytes).
    Removing tasks.o(i.uxTaskResetEventItemValue), (28 bytes).
    Removing tasks.o(i.vTaskDelayUntil), (212 bytes).
    Removing tasks.o(i.vTaskDelete), (244 bytes).
    Removing tasks.o(i.vTaskEndScheduler), (36 bytes).
    Removing tasks.o(i.vTaskInternalSetTimeOutState), (24 bytes).
    Removing tasks.o(i.vTaskMissedYield), (12 bytes).
    Removing tasks.o(i.vTaskNotifyGiveFromISR), (240 bytes).
    Removing tasks.o(i.vTaskPlaceOnEventList), (56 bytes).
    Removing tasks.o(i.vTaskPlaceOnUnorderedEventList), (108 bytes).
    Removing tasks.o(i.vTaskPrioritySet), (268 bytes).
    Removing tasks.o(i.vTaskRemoveFromUnorderedEventList), (164 bytes).
    Removing tasks.o(i.vTaskResume), (144 bytes).
    Removing tasks.o(i.vTaskSetTimeOutState), (60 bytes).
    Removing tasks.o(i.vTaskSuspend), (244 bytes).
    Removing tasks.o(i.xTaskCheckForTimeOut), (140 bytes).
    Removing tasks.o(i.xTaskGenericNotify), (260 bytes).
    Removing tasks.o(i.xTaskGenericNotifyFromISR), (324 bytes).
    Removing tasks.o(i.xTaskGetCurrentTaskHandle), (12 bytes).
    Removing tasks.o(i.xTaskGetTickCount), (12 bytes).
    Removing tasks.o(i.xTaskGetTickCountFromISR), (20 bytes).
    Removing tasks.o(i.xTaskNotifyStateClear), (52 bytes).
    Removing tasks.o(i.xTaskNotifyWait), (160 bytes).
    Removing tasks.o(i.xTaskRemoveFromEventList), (152 bytes).
    Removing tasks.o(i.xTaskResumeFromISR), (180 bytes).

354 unused section(s) (total 19636 bytes) removed from the image.

==============================================================================

Image Symbol Table

    Local Symbols

    Symbol Name                              Value     Ov Type        Size  Object(Section)

    ../clib/microlib/division.c              0x00000000   Number         0  uldiv.o ABSOLUTE
    ../clib/microlib/init/entry.s            0x00000000   Number         0  entry11a.o ABSOLUTE
    ../clib/microlib/init/entry.s            0x00000000   Number         0  entry12b.o ABSOLUTE
    ../clib/microlib/init/entry.s            0x00000000   Number         0  entry12a.o ABSOLUTE
    ../clib/microlib/init/entry.s            0x00000000   Number         0  entry11b.o ABSOLUTE
    ../clib/microlib/init/entry.s            0x00000000   Number         0  entry2.o ABSOLUTE
    ../clib/microlib/init/entry.s            0x00000000   Number         0  entry5.o ABSOLUTE
    ../clib/microlib/init/entry.s            0x00000000   Number         0  entry8b.o ABSOLUTE
    ../clib/microlib/init/entry.s            0x00000000   Number         0  entry8a.o ABSOLUTE
    ../clib/microlib/init/entry.s            0x00000000   Number         0  entry10b.o ABSOLUTE
    ../clib/microlib/init/entry.s            0x00000000   Number         0  entry.o ABSOLUTE
    ../clib/microlib/init/entry.s            0x00000000   Number         0  entry10a.o ABSOLUTE
    ../clib/microlib/init/entry.s            0x00000000   Number         0  entry7b.o ABSOLUTE
    ../clib/microlib/init/entry.s            0x00000000   Number         0  entry7a.o ABSOLUTE
    ../clib/microlib/init/entry.s            0x00000000   Number         0  entry9b.o ABSOLUTE
    ../clib/microlib/init/entry.s            0x00000000   Number         0  entry9a.o ABSOLUTE
    ../clib/microlib/longlong.c              0x00000000   Number         0  llshl.o ABSOLUTE
    ../clib/microlib/longlong.c              0x00000000   Number         0  llushr.o ABSOLUTE
    ../clib/microlib/string/memcpy.c         0x00000000   Number         0  memcpya.o ABSOLUTE
    ../clib/microlib/string/memcpy.c         0x00000000   Number         0  memcpyb.o ABSOLUTE
    ../clib/microlib/string/memset.c         0x00000000   Number         0  memset.o ABSOLUTE
    ../clib/microlib/string/memset.c         0x00000000   Number         0  memseta.o ABSOLUTE
    ../clib/microlib/string/strstr.c         0x00000000   Number         0  strstr.o ABSOLUTE
    ../clib/microlib/stubs.s                 0x00000000   Number         0  useno.o ABSOLUTE
    ..\\src\\at32_board.c                    0x00000000   Number         0  at32_board.o ABSOLUTE
    ..\\src\\at32f4xx_adc.c                  0x00000000   Number         0  at32f4xx_adc.o ABSOLUTE
    ..\\src\\at32f4xx_dma.c                  0x00000000   Number         0  at32f4xx_dma.o ABSOLUTE
    ..\\src\\at32f4xx_exti.c                 0x00000000   Number         0  at32f4xx_exti.o ABSOLUTE
    ..\\src\\at32f4xx_flash.c                0x00000000   Number         0  at32f4xx_flash.o ABSOLUTE
    ..\\src\\at32f4xx_gpio.c                 0x00000000   Number         0  at32f4xx_gpio.o ABSOLUTE
    ..\\src\\at32f4xx_gpio_ex.c              0x00000000   Number         0  at32f4xx_gpio_ex.o ABSOLUTE
    ..\\src\\at32f4xx_i2c.c                  0x00000000   Number         0  at32f4xx_i2c.o ABSOLUTE
    ..\\src\\at32f4xx_it.c                   0x00000000   Number         0  at32f4xx_it.o ABSOLUTE
    ..\\src\\at32f4xx_rcc.c                  0x00000000   Number         0  at32f4xx_rcc.o ABSOLUTE
    ..\\src\\at32f4xx_spi.c                  0x00000000   Number         0  at32f4xx_spi.o ABSOLUTE
    ..\\src\\at32f4xx_usart.c                0x00000000   Number         0  at32f4xx_usart.o ABSOLUTE
    ..\\src\\main.c                          0x00000000   Number         0  main.o ABSOLUTE
    ..\\src\\misc.c                          0x00000000   Number         0  misc.o ABSOLUTE
    ..\\src\\peta.c                          0x00000000   Number         0  peta.o ABSOLUTE
    ..\\src\\port.c                          0x00000000   Number         0  port.o ABSOLUTE
    ..\\src\\system_at32f4xx.c               0x00000000   Number         0  system_at32f4xx.o ABSOLUTE
    ..\src\at32_board.c                      0x00000000   Number         0  at32_board.o ABSOLUTE
    ..\src\at32f4xx_adc.c                    0x00000000   Number         0  at32f4xx_adc.o ABSOLUTE
    ..\src\at32f4xx_dma.c                    0x00000000   Number         0  at32f4xx_dma.o ABSOLUTE
    ..\src\at32f4xx_exti.c                   0x00000000   Number         0  at32f4xx_exti.o ABSOLUTE
    ..\src\at32f4xx_flash.c                  0x00000000   Number         0  at32f4xx_flash.o ABSOLUTE
    ..\src\at32f4xx_gpio.c                   0x00000000   Number         0  at32f4xx_gpio.o ABSOLUTE
    ..\src\at32f4xx_gpio_ex.c                0x00000000   Number         0  at32f4xx_gpio_ex.o ABSOLUTE
    ..\src\at32f4xx_i2c.c                    0x00000000   Number         0  at32f4xx_i2c.o ABSOLUTE
    ..\src\at32f4xx_it.c                     0x00000000   Number         0  at32f4xx_it.o ABSOLUTE
    ..\src\at32f4xx_rcc.c                    0x00000000   Number         0  at32f4xx_rcc.o ABSOLUTE
    ..\src\at32f4xx_spi.c                    0x00000000   Number         0  at32f4xx_spi.o ABSOLUTE
    ..\src\at32f4xx_usart.c                  0x00000000   Number         0  at32f4xx_usart.o ABSOLUTE
    ..\src\croutine.c                        0x00000000   Number         0  croutine.o ABSOLUTE
    ..\src\event_groups.c                    0x00000000   Number         0  event_groups.o ABSOLUTE
    ..\src\heap_4.c                          0x00000000   Number         0  heap_4.o ABSOLUTE
    ..\src\list.c                            0x00000000   Number         0  list.o ABSOLUTE
    ..\src\main.c                            0x00000000   Number         0  main.o ABSOLUTE
    ..\src\misc.c                            0x00000000   Number         0  misc.o ABSOLUTE
    ..\src\peta.c                            0x00000000   Number         0  peta.o ABSOLUTE
    ..\src\port.c                            0x00000000   Number         0  port.o ABSOLUTE
    ..\src\queue.c                           0x00000000   Number         0  queue.o ABSOLUTE
    ..\src\startup_at32f413rx_hd.s           0x00000000   Number         0  startup_at32f413rx_hd.o ABSOLUTE
    ..\src\stream_buffer.c                   0x00000000   Number         0  stream_buffer.o ABSOLUTE
    ..\src\system_at32f4xx.c                 0x00000000   Number         0  system_at32f4xx.o ABSOLUTE
    ..\src\tasks.c                           0x00000000   Number         0  tasks.o ABSOLUTE
    ..\src\timers.c                          0x00000000   Number         0  timers.o ABSOLUTE
    dc.s                                     0x00000000   Number         0  dc.o ABSOLUTE
    handlers.s                               0x00000000   Number         0  handlers.o ABSOLUTE
    init.s                                   0x00000000   Number         0  init.o ABSOLUTE
    RESET                                    0x08000000   Section      368  startup_at32f413rx_hd.o(RESET)
    .ARM.Collect$$$$00000000                 0x08000170   Section        0  entry.o(.ARM.Collect$$$$00000000)
    .ARM.Collect$$$$00000001                 0x08000170   Section        4  entry2.o(.ARM.Collect$$$$00000001)
    .ARM.Collect$$$$00000004                 0x08000174   Section        4  entry5.o(.ARM.Collect$$$$00000004)
    .ARM.Collect$$$$00000008                 0x08000178   Section        0  entry7b.o(.ARM.Collect$$$$00000008)
    .ARM.Collect$$$$0000000A                 0x08000178   Section        0  entry8b.o(.ARM.Collect$$$$0000000A)
    .ARM.Collect$$$$0000000B                 0x08000178   Section        8  entry9a.o(.ARM.Collect$$$$0000000B)
    .ARM.Collect$$$$0000000E                 0x08000180   Section        4  entry12b.o(.ARM.Collect$$$$0000000E)
    .ARM.Collect$$$$0000000F                 0x08000184   Section        0  entry10a.o(.ARM.Collect$$$$0000000F)
    .ARM.Collect$$$$00000011                 0x08000184   Section        0  entry11a.o(.ARM.Collect$$$$00000011)
    .ARM.Collect$$$$00002712                 0x08000184   Section        4  entry2.o(.ARM.Collect$$$$00002712)
    __lit__00000000                          0x08000184   Data           4  entry2.o(.ARM.Collect$$$$00002712)
    .emb_text                                0x08000188   Section      190  port.o(.emb_text)
    $v0                                      0x08000188   Number         0  port.o(.emb_text)
    .text                                    0x08000248   Section       36  startup_at32f413rx_hd.o(.text)
    $v0                                      0x08000248   Number         0  startup_at32f413rx_hd.o(.text)
    .text                                    0x0800026c   Section        0  uldiv.o(.text)
    .text                                    0x080002ce   Section        0  memcpya.o(.text)
    .text                                    0x080002f2   Section        0  memseta.o(.text)
    .text                                    0x08000316   Section        0  strstr.o(.text)
    .text                                    0x0800033a   Section        0  llshl.o(.text)
    .text                                    0x08000358   Section        0  llushr.o(.text)
    .text                                    0x08000378   Section       36  init.o(.text)
    i.ADC_Configuration                      0x0800039c   Section        0  peta.o(i.ADC_Configuration)
    i.ADC_Ctrl                               0x0800048c   Section        0  at32f4xx_adc.o(i.ADC_Ctrl)
    i.ADC_DMACtrl                            0x080004a2   Section        0  at32f4xx_adc.o(i.ADC_DMACtrl)
    i.ADC_GetCalibrationStatus               0x080004b8   Section        0  at32f4xx_adc.o(i.ADC_GetCalibrationStatus)
    i.ADC_GetResetCalibrationStatus          0x080004cc   Section        0  at32f4xx_adc.o(i.ADC_GetResetCalibrationStatus)
    i.ADC_Init                               0x080004e0   Section        0  at32f4xx_adc.o(i.ADC_Init)
    i.ADC_RegularChannelConfig               0x08000530   Section        0  at32f4xx_adc.o(i.ADC_RegularChannelConfig)
    i.ADC_RstCalibration                     0x080005e8   Section        0  at32f4xx_adc.o(i.ADC_RstCalibration)
    i.ADC_SoftwareStartConvCtrl              0x080005f2   Section        0  at32f4xx_adc.o(i.ADC_SoftwareStartConvCtrl)
    i.ADC_StartCalibration                   0x08000608   Section        0  at32f4xx_adc.o(i.ADC_StartCalibration)
    i.ADC_StructInit                         0x08000612   Section        0  at32f4xx_adc.o(i.ADC_StructInit)
    i.AT32_BUTTON_Init                       0x08000624   Section        0  at32_board.o(i.AT32_BUTTON_Init)
    i.AT32_Board_Init                        0x08000664   Section        0  at32_board.o(i.AT32_Board_Init)
    i.AT32_LEDn_Init                         0x0800069c   Section        0  at32_board.o(i.AT32_LEDn_Init)
    i.AT32_LEDn_OFF                          0x080006e4   Section        0  at32_board.o(i.AT32_LEDn_OFF)
    i.BusFault_Handler                       0x0800070c   Section        0  at32f4xx_it.o(i.BusFault_Handler)
    i.CheckSum                               0x08000710   Section        0  main.o(i.CheckSum)
    i.Current_Function                       0x08000730   Section        0  main.o(i.Current_Function)
    i.DMA_ChannelEnable                      0x08000828   Section        0  at32f4xx_dma.o(i.DMA_ChannelEnable)
    i.DMA_DefaultInitParaConfig              0x08000840   Section        0  at32f4xx_dma.o(i.DMA_DefaultInitParaConfig)
    i.DMA_Init                               0x0800085a   Section        0  at32f4xx_dma.o(i.DMA_Init)
    i.DMA_Reset                              0x08000898   Section        0  at32f4xx_dma.o(i.DMA_Reset)
    i.DebugMon_Handler                       0x080009e4   Section        0  at32f4xx_it.o(i.DebugMon_Handler)
    i.Delay_init                             0x080009e8   Section        0  at32_board.o(i.Delay_init)
    i.GPIO_Configuration                     0x08000a20   Section        0  peta.o(i.GPIO_Configuration)
    i.GPIO_Init                              0x08000b1c   Section        0  at32f4xx_gpio.o(i.GPIO_Init)
    i.GPIO_PinsRemapConfig                   0x08000c34   Section        0  at32f4xx_gpio.o(i.GPIO_PinsRemapConfig)
    i.GPIO_StructInit                        0x08000f80   Section        0  at32f4xx_gpio.o(i.GPIO_StructInit)
    i.HardFault_Handler                      0x08000f90   Section        0  at32f4xx_it.o(i.HardFault_Handler)
    i.MemManage_Handler                      0x08000f94   Section        0  at32f4xx_it.o(i.MemManage_Handler)
    i.NMI_Handler                            0x08000f98   Section        0  at32f4xx_it.o(i.NMI_Handler)
    i.NVIC_Configuration                     0x08000f9a   Section        0  peta.o(i.NVIC_Configuration)
    i.NVIC_Init                              0x08000fe8   Section        0  misc.o(i.NVIC_Init)
    i.NVIC_PriorityGroupConfig               0x08001058   Section        0  misc.o(i.NVIC_PriorityGroupConfig)
    i.RCC_AHBPeriphClockCmd                  0x0800106c   Section        0  at32f4xx_rcc.o(i.RCC_AHBPeriphClockCmd)
    i.RCC_APB1PeriphClockCmd                 0x0800108c   Section        0  at32f4xx_rcc.o(i.RCC_APB1PeriphClockCmd)
    i.RCC_APB2PeriphClockCmd                 0x080010ac   Section        0  at32f4xx_rcc.o(i.RCC_APB2PeriphClockCmd)
    i.RCC_Configuration                      0x080010cc   Section        0  peta.o(i.RCC_Configuration)
    i.RCC_GetClocksFreq                      0x08001108   Section        0  at32f4xx_rcc.o(i.RCC_GetClocksFreq)
    i.RS232RxTask_Function                   0x08001270   Section        0  main.o(i.RS232RxTask_Function)
    i.RS232Task_Function                     0x08001278   Section        0  main.o(i.RS232Task_Function)
    i.RS485RxTask_Function                   0x08001484   Section        0  main.o(i.RS485RxTask_Function)
    i.RS485Task_Function                     0x0800148c   Section        0  main.o(i.RS485Task_Function)
    i.SendData                               0x08001688   Section        0  peta.o(i.SendData)
    i.SetSysClock                            0x080016ba   Section        0  system_at32f4xx.o(i.SetSysClock)
    SetSysClock                              0x080016bb   Thumb Code     2  system_at32f4xx.o(i.SetSysClock)
    i.Status_Compare                         0x080016bc   Section        0  main.o(i.Status_Compare)
    i.Status_Function                        0x080016e0   Section        0  main.o(i.Status_Function)
    i.SysTick_CLKSourceConfig                0x08001728   Section        0  misc.o(i.SysTick_CLKSourceConfig)
    i.SysTick_Handler                        0x08001750   Section        0  port.o(i.SysTick_Handler)
    i.SystemInit                             0x08001784   Section        0  system_at32f4xx.o(i.SystemInit)
    i.UART_Configuration                     0x08001808   Section        0  peta.o(i.UART_Configuration)
    i.USART2_IRQHandler                      0x080018d8   Section        0  main.o(i.USART2_IRQHandler)
    i.USART3_IRQHandler                      0x08001930   Section        0  main.o(i.USART3_IRQHandler)
    i.USART_ClearITPendingBit                0x08001988   Section        0  at32f4xx_usart.o(i.USART_ClearITPendingBit)
    i.USART_Cmd                              0x080019a6   Section        0  at32f4xx_usart.o(i.USART_Cmd)
    i.USART_DMACmd                           0x080019be   Section        0  at32f4xx_usart.o(i.USART_DMACmd)
    i.USART_GetFlagStatus                    0x080019d0   Section        0  at32f4xx_usart.o(i.USART_GetFlagStatus)
    i.USART_GetITStatus                      0x080019ea   Section        0  at32f4xx_usart.o(i.USART_GetITStatus)
    i.USART_INTConfig                        0x08001a3e   Section        0  at32f4xx_usart.o(i.USART_INTConfig)
    i.USART_Init                             0x08001a88   Section        0  at32f4xx_usart.o(i.USART_Init)
    i.USART_ReceiveData                      0x08001b70   Section        0  at32f4xx_usart.o(i.USART_ReceiveData)
    i.USART_SendData                         0x08001b7a   Section        0  at32f4xx_usart.o(i.USART_SendData)
    i.USART_StructInit                       0x08001b82   Section        0  at32f4xx_usart.o(i.USART_StructInit)
    i.UsageFault_Handler                     0x08001b9a   Section        0  at32f4xx_it.o(i.UsageFault_Handler)
    i.Voltage_Function                       0x08001ba0   Section        0  main.o(i.Voltage_Function)
    i.__scatterload_copy                     0x08001c98   Section       14  handlers.o(i.__scatterload_copy)
    i.__scatterload_null                     0x08001ca6   Section        2  handlers.o(i.__scatterload_null)
    i.__scatterload_zeroinit                 0x08001ca8   Section       14  handlers.o(i.__scatterload_zeroinit)
    i.main                                   0x08001cb8   Section        0  main.o(i.main)
    i.prvAddCurrentTaskToDelayedList         0x08001df8   Section        0  tasks.o(i.prvAddCurrentTaskToDelayedList)
    prvAddCurrentTaskToDelayedList           0x08001df9   Thumb Code   124  tasks.o(i.prvAddCurrentTaskToDelayedList)
    i.prvAddNewTaskToReadyList               0x08001e90   Section        0  tasks.o(i.prvAddNewTaskToReadyList)
    prvAddNewTaskToReadyList                 0x08001e91   Thumb Code   150  tasks.o(i.prvAddNewTaskToReadyList)
    i.prvCheckTasksWaitingTermination        0x08001f44   Section        0  tasks.o(i.prvCheckTasksWaitingTermination)
    prvCheckTasksWaitingTermination          0x08001f45   Thumb Code    60  tasks.o(i.prvCheckTasksWaitingTermination)
    i.prvDeleteTCB                           0x08001f8c   Section        0  tasks.o(i.prvDeleteTCB)
    prvDeleteTCB                             0x08001f8d   Thumb Code    18  tasks.o(i.prvDeleteTCB)
    i.prvHeapInit                            0x08001fa0   Section        0  heap_4.o(i.prvHeapInit)
    prvHeapInit                              0x08001fa1   Thumb Code    98  heap_4.o(i.prvHeapInit)
    i.prvIdleTask                            0x0800201c   Section        0  tasks.o(i.prvIdleTask)
    prvIdleTask                              0x0800201d   Thumb Code    32  tasks.o(i.prvIdleTask)
    i.prvInitialiseNewTask                   0x08002044   Section        0  tasks.o(i.prvInitialiseNewTask)
    prvInitialiseNewTask                     0x08002045   Thumb Code   164  tasks.o(i.prvInitialiseNewTask)
    i.prvInitialiseTaskLists                 0x080020e8   Section        0  tasks.o(i.prvInitialiseTaskLists)
    prvInitialiseTaskLists                   0x080020e9   Thumb Code    70  tasks.o(i.prvInitialiseTaskLists)
    i.prvInsertBlockIntoFreeList             0x08002150   Section        0  heap_4.o(i.prvInsertBlockIntoFreeList)
    prvInsertBlockIntoFreeList               0x08002151   Thumb Code    96  heap_4.o(i.prvInsertBlockIntoFreeList)
    i.prvResetNextTaskUnblockTime            0x080021b8   Section        0  tasks.o(i.prvResetNextTaskUnblockTime)
    prvResetNextTaskUnblockTime              0x080021b9   Thumb Code    42  tasks.o(i.prvResetNextTaskUnblockTime)
    i.prvTaskExitError                       0x080021ec   Section        0  port.o(i.prvTaskExitError)
    prvTaskExitError                         0x080021ed   Thumb Code    60  port.o(i.prvTaskExitError)
    i.pvPortMalloc                           0x0800222c   Section        0  heap_4.o(i.pvPortMalloc)
    i.pxPortInitialiseStack                  0x08002368   Section        0  port.o(i.pxPortInitialiseStack)
    i.uxListRemove                           0x08002394   Section        0  list.o(i.uxListRemove)
    i.vListInitialise                        0x080023bc   Section        0  list.o(i.vListInitialise)
    i.vListInitialiseItem                    0x080023d6   Section        0  list.o(i.vListInitialiseItem)
    i.vListInsert                            0x080023dc   Section        0  list.o(i.vListInsert)
    i.vListInsertEnd                         0x08002410   Section        0  list.o(i.vListInsertEnd)
    i.vPortEnterCritical                     0x08002428   Section        0  port.o(i.vPortEnterCritical)
    i.vPortExitCritical                      0x0800247c   Section        0  port.o(i.vPortExitCritical)
    i.vPortFree                              0x080024b8   Section        0  heap_4.o(i.vPortFree)
    i.vPortSetupTimerInterrupt               0x0800254c   Section        0  port.o(i.vPortSetupTimerInterrupt)
    i.vTaskDelay                             0x08002574   Section        0  tasks.o(i.vTaskDelay)
    i.vTaskStartScheduler                    0x080025d0   Section        0  tasks.o(i.vTaskStartScheduler)
    i.vTaskSuspendAll                        0x08002658   Section        0  tasks.o(i.vTaskSuspendAll)
    i.vTaskSwitchContext                     0x08002668   Section        0  tasks.o(i.vTaskSwitchContext)
    i.xPortStartScheduler                    0x080026f4   Section        0  port.o(i.xPortStartScheduler)
    i.xTaskCreate                            0x0800285c   Section        0  tasks.o(i.xTaskCreate)
    i.xTaskIncrementTick                     0x080028bc   Section        0  tasks.o(i.xTaskIncrementTick)
    i.xTaskResumeAll                         0x08002a04   Section        0  tasks.o(i.xTaskResumeAll)
    .constdata                               0x08002b08   Section       16  at32f4xx_rcc.o(.constdata)
    APBAHBPscTable                           0x08002b08   Data           8  at32f4xx_rcc.o(.constdata)
    ADCPscTable                              0x08002b10   Data           8  at32f4xx_rcc.o(.constdata)
    .data                                    0x20000000   Section       73  at32_board.o(.data)
    fac_us                                   0x20000040   Data           4  at32_board.o(.data)
    fac_ms                                   0x20000044   Data           4  at32_board.o(.data)
    Pressed                                  0x20000048   Data           1  at32_board.o(.data)
    .data                                    0x2000004c   Section       20  system_at32f4xx.o(.data)
    .data                                    0x20000060   Section       52  main.o(.data)
    rs485_count                              0x20000060   Data           1  main.o(.data)
    at_rsp                                   0x20000062   Data          28  main.o(.data)
    rs232_count                              0x2000007e   Data           1  main.o(.data)
    ELB_Status                               0x2000007f   Data           1  main.o(.data)
    ELB_count                                0x20000080   Data           4  main.o(.data)
    before_ELB_count                         0x20000084   Data           4  main.o(.data)
    adc_current                              0x20000088   Data           2  main.o(.data)
    adc_voltage                              0x2000008a   Data           2  main.o(.data)
    debug_current                            0x2000008c   Data           4  main.o(.data)
    debug_voltage                            0x20000090   Data           4  main.o(.data)
    .data                                    0x20000094   Section        4  peta.o(.data)
    .data                                    0x20000098   Section       24  heap_4.o(.data)
    xStart                                   0x20000098   Data           8  heap_4.o(.data)
    pxEnd                                    0x200000a0   Data           4  heap_4.o(.data)
    xFreeBytesRemaining                      0x200000a4   Data           4  heap_4.o(.data)
    xMinimumEverFreeBytesRemaining           0x200000a8   Data           4  heap_4.o(.data)
    xBlockAllocatedBit                       0x200000ac   Data           4  heap_4.o(.data)
    .data                                    0x200000b0   Section       12  port.o(.data)
    uxCriticalNesting                        0x200000b0   Data           4  port.o(.data)
    ucMaxSysCallPriority                     0x200000b4   Data           1  port.o(.data)
    ulMaxPRIGROUPValue                       0x200000b8   Data           4  port.o(.data)
    .data                                    0x200000bc   Section       60  tasks.o(.data)
    pxDelayedTaskList                        0x200000c0   Data           4  tasks.o(.data)
    pxOverflowDelayedTaskList                0x200000c4   Data           4  tasks.o(.data)
    uxDeletedTasksWaitingCleanUp             0x200000c8   Data           4  tasks.o(.data)
    uxCurrentNumberOfTasks                   0x200000cc   Data           4  tasks.o(.data)
    xTickCount                               0x200000d0   Data           4  tasks.o(.data)
    uxTopReadyPriority                       0x200000d4   Data           4  tasks.o(.data)
    xSchedulerRunning                        0x200000d8   Data           4  tasks.o(.data)
    uxPendedTicks                            0x200000dc   Data           4  tasks.o(.data)
    xYieldPending                            0x200000e0   Data           4  tasks.o(.data)
    xNumOfOverflows                          0x200000e4   Data           4  tasks.o(.data)
    uxTaskNumber                             0x200000e8   Data           4  tasks.o(.data)
    xNextTaskUnblockTime                     0x200000ec   Data           4  tasks.o(.data)
    xIdleTaskHandle                          0x200000f0   Data           4  tasks.o(.data)
    uxSchedulerSuspended                     0x200000f4   Data           4  tasks.o(.data)
    .bss                                     0x200000f8   Section       68  main.o(.bss)
    RS485_Msg                                0x20000106   Data          22  main.o(.bss)
    .bss                                     0x2000013c   Section     8192  heap_4.o(.bss)
    ucHeap                                   0x2000013c   Data        8192  heap_4.o(.bss)
    .bss                                     0x2000213c   Section      200  tasks.o(.bss)
    pxReadyTasksLists                        0x2000213c   Data         100  tasks.o(.bss)
    xDelayedTaskList1                        0x200021a0   Data          20  tasks.o(.bss)
    xDelayedTaskList2                        0x200021b4   Data          20  tasks.o(.bss)
    xPendingReadyList                        0x200021c8   Data          20  tasks.o(.bss)
    xTasksWaitingTermination                 0x200021dc   Data          20  tasks.o(.bss)
    xSuspendedTaskList                       0x200021f0   Data          20  tasks.o(.bss)
    STACK                                    0x20002208   Section     1024  startup_at32f413rx_hd.o(STACK)

    Global Symbols

    Symbol Name                              Value     Ov Type        Size  Object(Section)

    BuildAttributes$$THM_ISAv4$E$P$D$K$B$S$7EM$VFPi3$EXTD16$VFPS$VFMA$PE$A:L22UL41UL21$X:L11$S22US41US21$IEEE1$IW$USESV6$~STKCKD$USESV7$~SHL$OSPACE$EBA8$MICROLIB$REQ8$PRES8$EABIv2 0x00000000   Number         0  anon$$obj.o ABSOLUTE
    __ARM_use_no_argv                        0x00000000   Number         0  main.o ABSOLUTE
    __use_no_errno                           0x00000000   Number         0  useno.o ABSOLUTE
    __use_no_exception_handling              0x00000000   Number         0  useno.o ABSOLUTE
    __use_no_fp                              0x00000000   Number         0  useno.o ABSOLUTE
    __use_no_heap                            0x00000000   Number         0  useno.o ABSOLUTE
    __use_no_heap_region                     0x00000000   Number         0  useno.o ABSOLUTE
    __use_no_semihosting                     0x00000000   Number         0  useno.o ABSOLUTE
    __use_no_semihosting_swi                 0x00000000   Number         0  useno.o ABSOLUTE
    __use_no_signal_handling                 0x00000000   Number         0  useno.o ABSOLUTE
    __arm_fini_                               - Undefined Weak Reference
    __cpp_initialize__aeabi_                  - Undefined Weak Reference
    __cxa_finalize                            - Undefined Weak Reference
    __decompress                              - Undefined Weak Reference
    _clock_init                               - Undefined Weak Reference
    _microlib_exit                            - Undefined Weak Reference
    __Vectors_Size                           0x00000170   Number         0  startup_at32f413rx_hd.o ABSOLUTE
    __Vectors                                0x08000000   Data           4  startup_at32f413rx_hd.o(RESET)
    __Vectors_End                            0x08000170   Data           0  startup_at32f413rx_hd.o(RESET)
    __main                                   0x08000171   Thumb Code     0  entry.o(.ARM.Collect$$$$00000000)
    _main_stk                                0x08000171   Thumb Code     0  entry2.o(.ARM.Collect$$$$00000001)
    _main_scatterload                        0x08000175   Thumb Code     0  entry5.o(.ARM.Collect$$$$00000004)
    __main_after_scatterload                 0x08000179   Thumb Code     0  entry5.o(.ARM.Collect$$$$00000004)
    _main_clock                              0x08000179   Thumb Code     0  entry7b.o(.ARM.Collect$$$$00000008)
    _main_cpp_init                           0x08000179   Thumb Code     0  entry8b.o(.ARM.Collect$$$$0000000A)
    _main_init                               0x08000179   Thumb Code     0  entry9a.o(.ARM.Collect$$$$0000000B)
    __rt_lib_shutdown_fini                   0x08000181   Thumb Code     0  entry12b.o(.ARM.Collect$$$$0000000E)
    __rt_final_cpp                           0x08000185   Thumb Code     0  entry10a.o(.ARM.Collect$$$$0000000F)
    __rt_final_exit                          0x08000185   Thumb Code     0  entry11a.o(.ARM.Collect$$$$00000011)
    SVC_Handler                              0x08000189   Thumb Code    28  port.o(.emb_text)
    __asm___6_port_c_39a90d8d__prvStartFirstTask 0x080001a9   Thumb Code    36  port.o(.emb_text)
    __asm___6_port_c_39a90d8d__prvEnableVFP  0x080001d1   Thumb Code    16  port.o(.emb_text)
    PendSV_Handler                           0x080001e5   Thumb Code    88  port.o(.emb_text)
    vPortGetIPSR                             0x08000241   Thumb Code     6  port.o(.emb_text)
    Reset_Handler                            0x08000249   Thumb Code     8  startup_at32f413rx_hd.o(.text)
    ACC_IRQHandler                           0x08000263   Thumb Code     0  startup_at32f413rx_hd.o(.text)
    ADC1_2_IRQHandler                        0x08000263   Thumb Code     0  startup_at32f413rx_hd.o(.text)
    CAN1_RX1_IRQHandler                      0x08000263   Thumb Code     0  startup_at32f413rx_hd.o(.text)
    CAN1_SCE_IRQHandler                      0x08000263   Thumb Code     0  startup_at32f413rx_hd.o(.text)
    CAN2_RX0_IRQHandler                      0x08000263   Thumb Code     0  startup_at32f413rx_hd.o(.text)
    CAN2_RX1_IRQHandler                      0x08000263   Thumb Code     0  startup_at32f413rx_hd.o(.text)
    CAN2_SCE_IRQHandler                      0x08000263   Thumb Code     0  startup_at32f413rx_hd.o(.text)
    CAN2_TX_IRQHandler                       0x08000263   Thumb Code     0  startup_at32f413rx_hd.o(.text)
    DMA1_Channel1_IRQHandler                 0x08000263   Thumb Code     0  startup_at32f413rx_hd.o(.text)
    DMA1_Channel2_IRQHandler                 0x08000263   Thumb Code     0  startup_at32f413rx_hd.o(.text)
    DMA1_Channel3_IRQHandler                 0x08000263   Thumb Code     0  startup_at32f413rx_hd.o(.text)
    DMA1_Channel4_IRQHandler                 0x08000263   Thumb Code     0  startup_at32f413rx_hd.o(.text)
    DMA1_Channel5_IRQHandler                 0x08000263   Thumb Code     0  startup_at32f413rx_hd.o(.text)
    DMA1_Channel6_IRQHandler                 0x08000263   Thumb Code     0  startup_at32f413rx_hd.o(.text)
    DMA1_Channel7_IRQHandler                 0x08000263   Thumb Code     0  startup_at32f413rx_hd.o(.text)
    DMA2_Channel1_IRQHandler                 0x08000263   Thumb Code     0  startup_at32f413rx_hd.o(.text)
    DMA2_Channel2_IRQHandler                 0x08000263   Thumb Code     0  startup_at32f413rx_hd.o(.text)
    DMA2_Channel3_IRQHandler                 0x08000263   Thumb Code     0  startup_at32f413rx_hd.o(.text)
    DMA2_Channel4_5_IRQHandler               0x08000263   Thumb Code     0  startup_at32f413rx_hd.o(.text)
    DMA2_Channel6_7_IRQHandler               0x08000263   Thumb Code     0  startup_at32f413rx_hd.o(.text)
    EXTI0_IRQHandler                         0x08000263   Thumb Code     0  startup_at32f413rx_hd.o(.text)
    EXTI15_10_IRQHandler                     0x08000263   Thumb Code     0  startup_at32f413rx_hd.o(.text)
    EXTI1_IRQHandler                         0x08000263   Thumb Code     0  startup_at32f413rx_hd.o(.text)
    EXTI2_IRQHandler                         0x08000263   Thumb Code     0  startup_at32f413rx_hd.o(.text)
    EXTI3_IRQHandler                         0x08000263   Thumb Code     0  startup_at32f413rx_hd.o(.text)
    EXTI4_IRQHandler                         0x08000263   Thumb Code     0  startup_at32f413rx_hd.o(.text)
    EXTI9_5_IRQHandler                       0x08000263   Thumb Code     0  startup_at32f413rx_hd.o(.text)
    FLASH_IRQHandler                         0x08000263   Thumb Code     0  startup_at32f413rx_hd.o(.text)
    I2C1_ER_IRQHandler                       0x08000263   Thumb Code     0  startup_at32f413rx_hd.o(.text)
    I2C1_EV_IRQHandler                       0x08000263   Thumb Code     0  startup_at32f413rx_hd.o(.text)
    I2C2_ER_IRQHandler                       0x08000263   Thumb Code     0  startup_at32f413rx_hd.o(.text)
    I2C2_EV_IRQHandler                       0x08000263   Thumb Code     0  startup_at32f413rx_hd.o(.text)
    PVD_IRQHandler                           0x08000263   Thumb Code     0  startup_at32f413rx_hd.o(.text)
    RCC_IRQHandler                           0x08000263   Thumb Code     0  startup_at32f413rx_hd.o(.text)
    RTCAlarm_IRQHandler                      0x08000263   Thumb Code     0  startup_at32f413rx_hd.o(.text)
    RTC_IRQHandler                           0x08000263   Thumb Code     0  startup_at32f413rx_hd.o(.text)
    SDIO_IRQHandler                          0x08000263   Thumb Code     0  startup_at32f413rx_hd.o(.text)
    SPI1_IRQHandler                          0x08000263   Thumb Code     0  startup_at32f413rx_hd.o(.text)
    SPI2_IRQHandler                          0x08000263   Thumb Code     0  startup_at32f413rx_hd.o(.text)
    TAMPER_IRQHandler                        0x08000263   Thumb Code     0  startup_at32f413rx_hd.o(.text)
    TMR1_BRK_TMR9_IRQHandler                 0x08000263   Thumb Code     0  startup_at32f413rx_hd.o(.text)
    TMR1_CC_IRQHandler                       0x08000263   Thumb Code     0  startup_at32f413rx_hd.o(.text)
    TMR1_OV_TMR10_IRQHandler                 0x08000263   Thumb Code     0  startup_at32f413rx_hd.o(.text)
    TMR1_TRG_COM_TMR11_IRQHandler            0x08000263   Thumb Code     0  startup_at32f413rx_hd.o(.text)
    TMR2_GLOBAL_IRQHandler                   0x08000263   Thumb Code     0  startup_at32f413rx_hd.o(.text)
    TMR3_GLOBAL_IRQHandler                   0x08000263   Thumb Code     0  startup_at32f413rx_hd.o(.text)
    TMR4_GLOBAL_IRQHandler                   0x08000263   Thumb Code     0  startup_at32f413rx_hd.o(.text)
    TMR5_GLOBAL_IRQHandler                   0x08000263   Thumb Code     0  startup_at32f413rx_hd.o(.text)
    TMR8_BRK_TMR12_IRQHandler                0x08000263   Thumb Code     0  startup_at32f413rx_hd.o(.text)
    TMR8_CC_IRQHandler                       0x08000263   Thumb Code     0  startup_at32f413rx_hd.o(.text)
    TMR8_OV_TMR13_IRQHandler                 0x08000263   Thumb Code     0  startup_at32f413rx_hd.o(.text)
    TMR8_TRG_COM_TMR14_IRQHandler            0x08000263   Thumb Code     0  startup_at32f413rx_hd.o(.text)
    UART4_IRQHandler                         0x08000263   Thumb Code     0  startup_at32f413rx_hd.o(.text)
    UART5_IRQHandler                         0x08000263   Thumb Code     0  startup_at32f413rx_hd.o(.text)
    USART1_IRQHandler                        0x08000263   Thumb Code     0  startup_at32f413rx_hd.o(.text)
    USBWakeUp_IRQHandler                     0x08000263   Thumb Code     0  startup_at32f413rx_hd.o(.text)
    USB_HP_CAN1_TX_IRQHandler                0x08000263   Thumb Code     0  startup_at32f413rx_hd.o(.text)
    USB_HP_IRQHandler                        0x08000263   Thumb Code     0  startup_at32f413rx_hd.o(.text)
    USB_LP_CAN1_RX0_IRQHandler               0x08000263   Thumb Code     0  startup_at32f413rx_hd.o(.text)
    USB_LP_IRQHandler                        0x08000263   Thumb Code     0  startup_at32f413rx_hd.o(.text)
    WWDG_IRQHandler                          0x08000263   Thumb Code     0  startup_at32f413rx_hd.o(.text)
    __aeabi_uldivmod                         0x0800026d   Thumb Code    98  uldiv.o(.text)
    __aeabi_memcpy                           0x080002cf   Thumb Code    36  memcpya.o(.text)
    __aeabi_memcpy4                          0x080002cf   Thumb Code     0  memcpya.o(.text)
    __aeabi_memcpy8                          0x080002cf   Thumb Code     0  memcpya.o(.text)
    __aeabi_memset                           0x080002f3   Thumb Code    14  memseta.o(.text)
    __aeabi_memset4                          0x080002f3   Thumb Code     0  memseta.o(.text)
    __aeabi_memset8                          0x080002f3   Thumb Code     0  memseta.o(.text)
    __aeabi_memclr                           0x08000301   Thumb Code     4  memseta.o(.text)
    __aeabi_memclr4                          0x08000301   Thumb Code     0  memseta.o(.text)
    __aeabi_memclr8                          0x08000301   Thumb Code     0  memseta.o(.text)
    memset                                   0x08000305   Thumb Code    18  memseta.o(.text)
    strstr                                   0x08000317   Thumb Code    36  strstr.o(.text)
    __aeabi_llsl                             0x0800033b   Thumb Code    30  llshl.o(.text)
    _ll_shift_l                              0x0800033b   Thumb Code     0  llshl.o(.text)
    __aeabi_llsr                             0x08000359   Thumb Code    32  llushr.o(.text)
    _ll_ushift_r                             0x08000359   Thumb Code     0  llushr.o(.text)
    __scatterload                            0x08000379   Thumb Code    28  init.o(.text)
    __scatterload_rt2                        0x08000379   Thumb Code     0  init.o(.text)
    ADC_Configuration                        0x0800039d   Thumb Code   228  peta.o(i.ADC_Configuration)
    ADC_Ctrl                                 0x0800048d   Thumb Code    22  at32f4xx_adc.o(i.ADC_Ctrl)
    ADC_DMACtrl                              0x080004a3   Thumb Code    22  at32f4xx_adc.o(i.ADC_DMACtrl)
    ADC_GetCalibrationStatus                 0x080004b9   Thumb Code    20  at32f4xx_adc.o(i.ADC_GetCalibrationStatus)
    ADC_GetResetCalibrationStatus            0x080004cd   Thumb Code    20  at32f4xx_adc.o(i.ADC_GetResetCalibrationStatus)
    ADC_Init                                 0x080004e1   Thumb Code    70  at32f4xx_adc.o(i.ADC_Init)
    ADC_RegularChannelConfig                 0x08000531   Thumb Code   184  at32f4xx_adc.o(i.ADC_RegularChannelConfig)
    ADC_RstCalibration                       0x080005e9   Thumb Code    10  at32f4xx_adc.o(i.ADC_RstCalibration)
    ADC_SoftwareStartConvCtrl                0x080005f3   Thumb Code    22  at32f4xx_adc.o(i.ADC_SoftwareStartConvCtrl)
    ADC_StartCalibration                     0x08000609   Thumb Code    10  at32f4xx_adc.o(i.ADC_StartCalibration)
    ADC_StructInit                           0x08000613   Thumb Code    18  at32f4xx_adc.o(i.ADC_StructInit)
    AT32_BUTTON_Init                         0x08000625   Thumb Code    52  at32_board.o(i.AT32_BUTTON_Init)
    AT32_Board_Init                          0x08000665   Thumb Code    56  at32_board.o(i.AT32_Board_Init)
    AT32_LEDn_Init                           0x0800069d   Thumb Code    58  at32_board.o(i.AT32_LEDn_Init)
    AT32_LEDn_OFF                            0x080006e5   Thumb Code    32  at32_board.o(i.AT32_LEDn_OFF)
    BusFault_Handler                         0x0800070d   Thumb Code     4  at32f4xx_it.o(i.BusFault_Handler)
    CheckSum                                 0x08000711   Thumb Code    32  main.o(i.CheckSum)
    Current_Function                         0x08000731   Thumb Code   212  main.o(i.Current_Function)
    DMA_ChannelEnable                        0x08000829   Thumb Code    24  at32f4xx_dma.o(i.DMA_ChannelEnable)
    DMA_DefaultInitParaConfig                0x08000841   Thumb Code    26  at32f4xx_dma.o(i.DMA_DefaultInitParaConfig)
    DMA_Init                                 0x0800085b   Thumb Code    60  at32f4xx_dma.o(i.DMA_Init)
    DMA_Reset                                0x08000899   Thumb Code   324  at32f4xx_dma.o(i.DMA_Reset)
    DebugMon_Handler                         0x080009e5   Thumb Code     2  at32f4xx_it.o(i.DebugMon_Handler)
    Delay_init                               0x080009e9   Thumb Code    38  at32_board.o(i.Delay_init)
    GPIO_Configuration                       0x08000a21   Thumb Code   234  peta.o(i.GPIO_Configuration)
    GPIO_Init                                0x08000b1d   Thumb Code   278  at32f4xx_gpio.o(i.GPIO_Init)
    GPIO_PinsRemapConfig                     0x08000c35   Thumb Code   832  at32f4xx_gpio.o(i.GPIO_PinsRemapConfig)
    GPIO_StructInit                          0x08000f81   Thumb Code    16  at32f4xx_gpio.o(i.GPIO_StructInit)
    HardFault_Handler                        0x08000f91   Thumb Code     4  at32f4xx_it.o(i.HardFault_Handler)
    MemManage_Handler                        0x08000f95   Thumb Code     4  at32f4xx_it.o(i.MemManage_Handler)
    NMI_Handler                              0x08000f99   Thumb Code     2  at32f4xx_it.o(i.NMI_Handler)
    NVIC_Configuration                       0x08000f9b   Thumb Code    76  peta.o(i.NVIC_Configuration)
    NVIC_Init                                0x08000fe9   Thumb Code   100  misc.o(i.NVIC_Init)
    NVIC_PriorityGroupConfig                 0x08001059   Thumb Code    10  misc.o(i.NVIC_PriorityGroupConfig)
    RCC_AHBPeriphClockCmd                    0x0800106d   Thumb Code    26  at32f4xx_rcc.o(i.RCC_AHBPeriphClockCmd)
    RCC_APB1PeriphClockCmd                   0x0800108d   Thumb Code    26  at32f4xx_rcc.o(i.RCC_APB1PeriphClockCmd)
    RCC_APB2PeriphClockCmd                   0x080010ad   Thumb Code    26  at32f4xx_rcc.o(i.RCC_APB2PeriphClockCmd)
    RCC_Configuration                        0x080010cd   Thumb Code    60  peta.o(i.RCC_Configuration)
    RCC_GetClocksFreq                        0x08001109   Thumb Code   326  at32f4xx_rcc.o(i.RCC_GetClocksFreq)
    RS232RxTask_Function                     0x08001271   Thumb Code     8  main.o(i.RS232RxTask_Function)
    RS232Task_Function                       0x08001279   Thumb Code   426  main.o(i.RS232Task_Function)
    RS485RxTask_Function                     0x08001485   Thumb Code     8  main.o(i.RS485RxTask_Function)
    RS485Task_Function                       0x0800148d   Thumb Code   418  main.o(i.RS485Task_Function)
    SendData                                 0x08001689   Thumb Code    50  peta.o(i.SendData)
    Status_Compare                           0x080016bd   Thumb Code    34  main.o(i.Status_Compare)
    Status_Function                          0x080016e1   Thumb Code    54  main.o(i.Status_Function)
    SysTick_CLKSourceConfig                  0x08001729   Thumb Code    40  misc.o(i.SysTick_CLKSourceConfig)
    SysTick_Handler                          0x08001751   Thumb Code    46  port.o(i.SysTick_Handler)
    SystemInit                               0x08001785   Thumb Code   106  system_at32f4xx.o(i.SystemInit)
    UART_Configuration                       0x08001809   Thumb Code   196  peta.o(i.UART_Configuration)
    USART2_IRQHandler                        0x080018d9   Thumb Code    74  main.o(i.USART2_IRQHandler)
    USART3_IRQHandler                        0x08001931   Thumb Code    74  main.o(i.USART3_IRQHandler)
    USART_ClearITPendingBit                  0x08001989   Thumb Code    30  at32f4xx_usart.o(i.USART_ClearITPendingBit)
    USART_Cmd                                0x080019a7   Thumb Code    24  at32f4xx_usart.o(i.USART_Cmd)
    USART_DMACmd                             0x080019bf   Thumb Code    18  at32f4xx_usart.o(i.USART_DMACmd)
    USART_GetFlagStatus                      0x080019d1   Thumb Code    26  at32f4xx_usart.o(i.USART_GetFlagStatus)
    USART_GetITStatus                        0x080019eb   Thumb Code    84  at32f4xx_usart.o(i.USART_GetITStatus)
    USART_INTConfig                          0x08001a3f   Thumb Code    74  at32f4xx_usart.o(i.USART_INTConfig)
    USART_Init                               0x08001a89   Thumb Code   226  at32f4xx_usart.o(i.USART_Init)
    USART_ReceiveData                        0x08001b71   Thumb Code    10  at32f4xx_usart.o(i.USART_ReceiveData)
    USART_SendData                           0x08001b7b   Thumb Code     8  at32f4xx_usart.o(i.USART_SendData)
    USART_StructInit                         0x08001b83   Thumb Code    24  at32f4xx_usart.o(i.USART_StructInit)
    UsageFault_Handler                       0x08001b9b   Thumb Code     4  at32f4xx_it.o(i.UsageFault_Handler)
    Voltage_Function                         0x08001ba1   Thumb Code   212  main.o(i.Voltage_Function)
    __scatterload_copy                       0x08001c99   Thumb Code    14  handlers.o(i.__scatterload_copy)
    __scatterload_null                       0x08001ca7   Thumb Code     2  handlers.o(i.__scatterload_null)
    __scatterload_zeroinit                   0x08001ca9   Thumb Code    14  handlers.o(i.__scatterload_zeroinit)
    main                                     0x08001cb9   Thumb Code   198  main.o(i.main)
    pvPortMalloc                             0x0800222d   Thumb Code   296  heap_4.o(i.pvPortMalloc)
    pxPortInitialiseStack                    0x08002369   Thumb Code    38  port.o(i.pxPortInitialiseStack)
    uxListRemove                             0x08002395   Thumb Code    40  list.o(i.uxListRemove)
    vListInitialise                          0x080023bd   Thumb Code    26  list.o(i.vListInitialise)
    vListInitialiseItem                      0x080023d7   Thumb Code     6  list.o(i.vListInitialiseItem)
    vListInsert                              0x080023dd   Thumb Code    52  list.o(i.vListInsert)
    vListInsertEnd                           0x08002411   Thumb Code    24  list.o(i.vListInsertEnd)
    vPortEnterCritical                       0x08002429   Thumb Code    76  port.o(i.vPortEnterCritical)
    vPortExitCritical                        0x0800247d   Thumb Code    56  port.o(i.vPortExitCritical)
    vPortFree                                0x080024b9   Thumb Code   140  heap_4.o(i.vPortFree)
    vPortSetupTimerInterrupt                 0x0800254d   Thumb Code    36  port.o(i.vPortSetupTimerInterrupt)
    vTaskDelay                               0x08002575   Thumb Code    82  tasks.o(i.vTaskDelay)
    vTaskStartScheduler                      0x080025d1   Thumb Code   108  tasks.o(i.vTaskStartScheduler)
    vTaskSuspendAll                          0x08002659   Thumb Code    12  tasks.o(i.vTaskSuspendAll)
    vTaskSwitchContext                       0x08002669   Thumb Code   118  tasks.o(i.vTaskSwitchContext)
    xPortStartScheduler                      0x080026f5   Thumb Code   330  port.o(i.xPortStartScheduler)
    xTaskCreate                              0x0800285d   Thumb Code    96  tasks.o(i.xTaskCreate)
    xTaskIncrementTick                       0x080028bd   Thumb Code   282  tasks.o(i.xTaskIncrementTick)
    xTaskResumeAll                           0x08002a05   Thumb Code   224  tasks.o(i.xTaskResumeAll)
    Region$$Table$$Base                      0x08002b18   Number         0  anon$$obj.o(Region$$Table)
    Region$$Table$$Limit                     0x08002b38   Number         0  anon$$obj.o(Region$$Table)
    __stdout                                 0x20000000   Data           4  at32_board.o(.data)
    LED_GPIO_PORT                            0x20000004   Data          16  at32_board.o(.data)
    LED_GPIO_PIN                             0x20000014   Data           8  at32_board.o(.data)
    LED_GPIO_RCC_CLK                         0x2000001c   Data          16  at32_board.o(.data)
    BUTTON_GPIO_PORT                         0x2000002c   Data           8  at32_board.o(.data)
    BUTTON_GPIO_PIN                          0x20000034   Data           4  at32_board.o(.data)
    BUTTON_GPIO_RCC_CLK                      0x20000038   Data           8  at32_board.o(.data)
    SystemCoreClock                          0x2000004c   Data           4  system_at32f4xx.o(.data)
    AHBPscTable                              0x20000050   Data          16  system_at32f4xx.o(.data)
    response_remote_status                   0x20000061   Data           1  main.o(.data)
    ADCConvertedValue                        0x20000094   Data           4  peta.o(.data)
    pxCurrentTCB                             0x200000bc   Data           4  tasks.o(.data)
    USART_InitStructure                      0x200000f8   Data          14  main.o(.bss)
    RS485_RxBuffer                           0x2000011c   Data          22  main.o(.bss)
    RS232_RxBuffer                           0x20000132   Data          10  main.o(.bss)
    __initial_sp                             0x20002608   Data           0  startup_at32f413rx_hd.o(STACK)



==============================================================================

Memory Map of the image

  Image Entry point : 0x08000171

  Load Region LR_IROM1 (Base: 0x08000000, Size: 0x00002c30, Max: 0x00040000, ABSOLUTE)

    Execution Region ER_IROM1 (Exec base: 0x08000000, Load base: 0x08000000, Size: 0x00002b38, Max: 0x00040000, ABSOLUTE)

    Exec Addr    Load Addr    Size         Type   Attr      Idx    E Section Name        Object

    0x08000000   0x08000000   0x00000170   Data   RO          278    RESET               startup_at32f413rx_hd.o
    0x08000170   0x08000170   0x00000000   Code   RO         3056  * .ARM.Collect$$$$00000000  mc_w.l(entry.o)
    0x08000170   0x08000170   0x00000004   Code   RO         3071    .ARM.Collect$$$$00000001  mc_w.l(entry2.o)
    0x08000174   0x08000174   0x00000004   Code   RO         3074    .ARM.Collect$$$$00000004  mc_w.l(entry5.o)
    0x08000178   0x08000178   0x00000000   Code   RO         3076    .ARM.Collect$$$$00000008  mc_w.l(entry7b.o)
    0x08000178   0x08000178   0x00000000   Code   RO         3078    .ARM.Collect$$$$0000000A  mc_w.l(entry8b.o)
    0x08000178   0x08000178   0x00000008   Code   RO         3079    .ARM.Collect$$$$0000000B  mc_w.l(entry9a.o)
    0x08000180   0x08000180   0x00000004   Code   RO         3086    .ARM.Collect$$$$0000000E  mc_w.l(entry12b.o)
    0x08000184   0x08000184   0x00000000   Code   RO         3081    .ARM.Collect$$$$0000000F  mc_w.l(entry10a.o)
    0x08000184   0x08000184   0x00000000   Code   RO         3083    .ARM.Collect$$$$00000011  mc_w.l(entry11a.o)
    0x08000184   0x08000184   0x00000004   Code   RO         3072    .ARM.Collect$$$$00002712  mc_w.l(entry2.o)
    0x08000188   0x08000188   0x000000be   Code   RO         2426    .emb_text           port.o
    0x08000246   0x08000246   0x00000002   PAD
    0x08000248   0x08000248   0x00000024   Code   RO          279    .text               startup_at32f413rx_hd.o
    0x0800026c   0x0800026c   0x00000062   Code   RO         3059    .text               mc_w.l(uldiv.o)
    0x080002ce   0x080002ce   0x00000024   Code   RO         3061    .text               mc_w.l(memcpya.o)
    0x080002f2   0x080002f2   0x00000024   Code   RO         3065    .text               mc_w.l(memseta.o)
    0x08000316   0x08000316   0x00000024   Code   RO         3067    .text               mc_w.l(strstr.o)
    0x0800033a   0x0800033a   0x0000001e   Code   RO         3087    .text               mc_w.l(llshl.o)
    0x08000358   0x08000358   0x00000020   Code   RO         3089    .text               mc_w.l(llushr.o)
    0x08000378   0x08000378   0x00000024   Code   RO         3091    .text               mc_w.l(init.o)
    0x0800039c   0x0800039c   0x000000f0   Code   RO          509    i.ADC_Configuration  peta.o
    0x0800048c   0x0800048c   0x00000016   Code   RO         1894    i.ADC_Ctrl          at32f4xx_adc.o
    0x080004a2   0x080004a2   0x00000016   Code   RO         1895    i.ADC_DMACtrl       at32f4xx_adc.o
    0x080004b8   0x080004b8   0x00000014   Code   RO         1901    i.ADC_GetCalibrationStatus  at32f4xx_adc.o
    0x080004cc   0x080004cc   0x00000014   Code   RO         1907    i.ADC_GetResetCalibrationStatus  at32f4xx_adc.o
    0x080004e0   0x080004e0   0x00000050   Code   RO         1911    i.ADC_Init          at32f4xx_adc.o
    0x08000530   0x08000530   0x000000b8   Code   RO         1915    i.ADC_RegularChannelConfig  at32f4xx_adc.o
    0x080005e8   0x080005e8   0x0000000a   Code   RO         1917    i.ADC_RstCalibration  at32f4xx_adc.o
    0x080005f2   0x080005f2   0x00000016   Code   RO         1919    i.ADC_SoftwareStartConvCtrl  at32f4xx_adc.o
    0x08000608   0x08000608   0x0000000a   Code   RO         1921    i.ADC_StartCalibration  at32f4xx_adc.o
    0x08000612   0x08000612   0x00000012   Code   RO         1922    i.ADC_StructInit    at32f4xx_adc.o
    0x08000624   0x08000624   0x00000040   Code   RO            4    i.AT32_BUTTON_Init  at32_board.o
    0x08000664   0x08000664   0x00000038   Code   RO            7    i.AT32_Board_Init   at32_board.o
    0x0800069c   0x0800069c   0x00000048   Code   RO            8    i.AT32_LEDn_Init    at32_board.o
    0x080006e4   0x080006e4   0x00000028   Code   RO            9    i.AT32_LEDn_OFF     at32_board.o
    0x0800070c   0x0800070c   0x00000004   Code   RO          286    i.BusFault_Handler  at32f4xx_it.o
    0x08000710   0x08000710   0x00000020   Code   RO          343    i.CheckSum          main.o
    0x08000730   0x08000730   0x000000f8   Code   RO          344    i.Current_Function  main.o
    0x08000828   0x08000828   0x00000018   Code   RO         2122    i.DMA_ChannelEnable  at32f4xx_dma.o
    0x08000840   0x08000840   0x0000001a   Code   RO         2125    i.DMA_DefaultInitParaConfig  at32f4xx_dma.o
    0x0800085a   0x0800085a   0x0000003c   Code   RO         2131    i.DMA_Init          at32f4xx_dma.o
    0x08000896   0x08000896   0x00000002   PAD
    0x08000898   0x08000898   0x0000014c   Code   RO         2132    i.DMA_Reset         at32f4xx_dma.o
    0x080009e4   0x080009e4   0x00000002   Code   RO          287    i.DebugMon_Handler  at32f4xx_it.o
    0x080009e6   0x080009e6   0x00000002   PAD
    0x080009e8   0x080009e8   0x00000038   Code   RO           13    i.Delay_init        at32_board.o
    0x08000a20   0x08000a20   0x000000fc   Code   RO          510    i.GPIO_Configuration  peta.o
    0x08000b1c   0x08000b1c   0x00000116   Code   RO          889    i.GPIO_Init         at32f4xx_gpio.o
    0x08000c32   0x08000c32   0x00000002   PAD
    0x08000c34   0x08000c34   0x0000034c   Code   RO          891    i.GPIO_PinsRemapConfig  at32f4xx_gpio.o
    0x08000f80   0x08000f80   0x00000010   Code   RO          899    i.GPIO_StructInit   at32f4xx_gpio.o
    0x08000f90   0x08000f90   0x00000004   Code   RO          288    i.HardFault_Handler  at32f4xx_it.o
    0x08000f94   0x08000f94   0x00000004   Code   RO          289    i.MemManage_Handler  at32f4xx_it.o
    0x08000f98   0x08000f98   0x00000002   Code   RO          290    i.NMI_Handler       at32f4xx_it.o
    0x08000f9a   0x08000f9a   0x0000004c   Code   RO          511    i.NVIC_Configuration  peta.o
    0x08000fe6   0x08000fe6   0x00000002   PAD
    0x08000fe8   0x08000fe8   0x00000070   Code   RO         1840    i.NVIC_Init         misc.o
    0x08001058   0x08001058   0x00000014   Code   RO         1841    i.NVIC_PriorityGroupConfig  misc.o
    0x0800106c   0x0800106c   0x00000020   Code   RO         1253    i.RCC_AHBPeriphClockCmd  at32f4xx_rcc.o
    0x0800108c   0x0800108c   0x00000020   Code   RO         1255    i.RCC_APB1PeriphClockCmd  at32f4xx_rcc.o
    0x080010ac   0x080010ac   0x00000020   Code   RO         1258    i.RCC_APB2PeriphClockCmd  at32f4xx_rcc.o
    0x080010cc   0x080010cc   0x0000003c   Code   RO          512    i.RCC_Configuration  peta.o
    0x08001108   0x08001108   0x00000168   Code   RO         1264    i.RCC_GetClocksFreq  at32f4xx_rcc.o
    0x08001270   0x08001270   0x00000008   Code   RO          345    i.RS232RxTask_Function  main.o
    0x08001278   0x08001278   0x0000020c   Code   RO          346    i.RS232Task_Function  main.o
    0x08001484   0x08001484   0x00000008   Code   RO          347    i.RS485RxTask_Function  main.o
    0x0800148c   0x0800148c   0x000001fc   Code   RO          348    i.RS485Task_Function  main.o
    0x08001688   0x08001688   0x00000032   Code   RO          513    i.SendData          peta.o
    0x080016ba   0x080016ba   0x00000002   Code   RO          238    i.SetSysClock       system_at32f4xx.o
    0x080016bc   0x080016bc   0x00000022   Code   RO          349    i.Status_Compare    main.o
    0x080016de   0x080016de   0x00000002   PAD
    0x080016e0   0x080016e0   0x00000048   Code   RO          350    i.Status_Function   main.o
    0x08001728   0x08001728   0x00000028   Code   RO         1844    i.SysTick_CLKSourceConfig  misc.o
    0x08001750   0x08001750   0x00000034   Code   RO         2427    i.SysTick_Handler   port.o
    0x08001784   0x08001784   0x00000084   Code   RO          240    i.SystemInit        system_at32f4xx.o
    0x08001808   0x08001808   0x000000d0   Code   RO          514    i.UART_Configuration  peta.o
    0x080018d8   0x080018d8   0x00000058   Code   RO          351    i.USART2_IRQHandler  main.o
    0x08001930   0x08001930   0x00000058   Code   RO          352    i.USART3_IRQHandler  main.o
    0x08001988   0x08001988   0x0000001e   Code   RO         1661    i.USART_ClearITPendingBit  at32f4xx_usart.o
    0x080019a6   0x080019a6   0x00000018   Code   RO         1664    i.USART_Cmd         at32f4xx_usart.o
    0x080019be   0x080019be   0x00000012   Code   RO         1665    i.USART_DMACmd      at32f4xx_usart.o
    0x080019d0   0x080019d0   0x0000001a   Code   RO         1666    i.USART_GetFlagStatus  at32f4xx_usart.o
    0x080019ea   0x080019ea   0x00000054   Code   RO         1667    i.USART_GetITStatus  at32f4xx_usart.o
    0x08001a3e   0x08001a3e   0x0000004a   Code   RO         1669    i.USART_INTConfig   at32f4xx_usart.o
    0x08001a88   0x08001a88   0x000000e8   Code   RO         1670    i.USART_Init        at32f4xx_usart.o
    0x08001b70   0x08001b70   0x0000000a   Code   RO         1675    i.USART_ReceiveData  at32f4xx_usart.o
    0x08001b7a   0x08001b7a   0x00000008   Code   RO         1679    i.USART_SendData    at32f4xx_usart.o
    0x08001b82   0x08001b82   0x00000018   Code   RO         1685    i.USART_StructInit  at32f4xx_usart.o
    0x08001b9a   0x08001b9a   0x00000004   Code   RO          291    i.UsageFault_Handler  at32f4xx_it.o
    0x08001b9e   0x08001b9e   0x00000002   PAD
    0x08001ba0   0x08001ba0   0x000000f8   Code   RO          353    i.Voltage_Function  main.o
    0x08001c98   0x08001c98   0x0000000e   Code   RO         3095    i.__scatterload_copy  mc_w.l(handlers.o)
    0x08001ca6   0x08001ca6   0x00000002   Code   RO         3096    i.__scatterload_null  mc_w.l(handlers.o)
    0x08001ca8   0x08001ca8   0x0000000e   Code   RO         3097    i.__scatterload_zeroinit  mc_w.l(handlers.o)
    0x08001cb6   0x08001cb6   0x00000002   PAD
    0x08001cb8   0x08001cb8   0x00000140   Code   RO          354    i.main              main.o
    0x08001df8   0x08001df8   0x00000098   Code   RO         2777    i.prvAddCurrentTaskToDelayedList  tasks.o
    0x08001e90   0x08001e90   0x000000b4   Code   RO         2778    i.prvAddNewTaskToReadyList  tasks.o
    0x08001f44   0x08001f44   0x00000048   Code   RO         2779    i.prvCheckTasksWaitingTermination  tasks.o
    0x08001f8c   0x08001f8c   0x00000012   Code   RO         2780    i.prvDeleteTCB      tasks.o
    0x08001f9e   0x08001f9e   0x00000002   PAD
    0x08001fa0   0x08001fa0   0x0000007c   Code   RO         2326    i.prvHeapInit       heap_4.o
    0x0800201c   0x0800201c   0x00000028   Code   RO         2781    i.prvIdleTask       tasks.o
    0x08002044   0x08002044   0x000000a4   Code   RO         2782    i.prvInitialiseNewTask  tasks.o
    0x080020e8   0x080020e8   0x00000068   Code   RO         2783    i.prvInitialiseTaskLists  tasks.o
    0x08002150   0x08002150   0x00000068   Code   RO         2327    i.prvInsertBlockIntoFreeList  heap_4.o
    0x080021b8   0x080021b8   0x00000034   Code   RO         2784    i.prvResetNextTaskUnblockTime  tasks.o
    0x080021ec   0x080021ec   0x00000040   Code   RO         2428    i.prvTaskExitError  port.o
    0x0800222c   0x0800222c   0x0000013c   Code   RO         2328    i.pvPortMalloc      heap_4.o
    0x08002368   0x08002368   0x0000002c   Code   RO         2429    i.pxPortInitialiseStack  port.o
    0x08002394   0x08002394   0x00000028   Code   RO         2387    i.uxListRemove      list.o
    0x080023bc   0x080023bc   0x0000001a   Code   RO         2388    i.vListInitialise   list.o
    0x080023d6   0x080023d6   0x00000006   Code   RO         2389    i.vListInitialiseItem  list.o
    0x080023dc   0x080023dc   0x00000034   Code   RO         2390    i.vListInsert       list.o
    0x08002410   0x08002410   0x00000018   Code   RO         2391    i.vListInsertEnd    list.o
    0x08002428   0x08002428   0x00000054   Code   RO         2431    i.vPortEnterCritical  port.o
    0x0800247c   0x0800247c   0x0000003c   Code   RO         2432    i.vPortExitCritical  port.o
    0x080024b8   0x080024b8   0x00000094   Code   RO         2329    i.vPortFree         heap_4.o
    0x0800254c   0x0800254c   0x00000028   Code   RO         2433    i.vPortSetupTimerInterrupt  port.o
    0x08002574   0x08002574   0x0000005c   Code   RO         2791    i.vTaskDelay        tasks.o
    0x080025d0   0x080025d0   0x00000088   Code   RO         2804    i.vTaskStartScheduler  tasks.o
    0x08002658   0x08002658   0x00000010   Code   RO         2806    i.vTaskSuspendAll   tasks.o
    0x08002668   0x08002668   0x0000008c   Code   RO         2807    i.vTaskSwitchContext  tasks.o
    0x080026f4   0x080026f4   0x00000168   Code   RO         2435    i.xPortStartScheduler  port.o
    0x0800285c   0x0800285c   0x00000060   Code   RO         2809    i.xTaskCreate       tasks.o
    0x080028bc   0x080028bc   0x00000148   Code   RO         2815    i.xTaskIncrementTick  tasks.o
    0x08002a04   0x08002a04   0x00000104   Code   RO         2819    i.xTaskResumeAll    tasks.o
    0x08002b08   0x08002b08   0x00000010   Data   RO         1290    .constdata          at32f4xx_rcc.o
    0x08002b18   0x08002b18   0x00000020   Data   RO         3093    Region$$Table       anon$$obj.o


    Execution Region RW_IRAM1 (Exec base: 0x20000000, Load base: 0x08002b38, Size: 0x00002608, Max: 0x00008000, ABSOLUTE)

    Exec Addr    Load Addr    Size         Type   Attr      Idx    E Section Name        Object

    0x20000000   0x08002b38   0x00000049   Data   RW           20    .data               at32_board.o
    0x20000049   0x08002b81   0x00000003   PAD
    0x2000004c   0x08002b84   0x00000014   Data   RW          241    .data               system_at32f4xx.o
    0x20000060   0x08002b98   0x00000034   Data   RW          356    .data               main.o
    0x20000094   0x08002bcc   0x00000004   Data   RW          515    .data               peta.o
    0x20000098   0x08002bd0   0x00000018   Data   RW         2334    .data               heap_4.o
    0x200000b0   0x08002be8   0x0000000c   Data   RW         2436    .data               port.o
    0x200000bc   0x08002bf4   0x0000003c   Data   RW         2822    .data               tasks.o
    0x200000f8        -       0x00000044   Zero   RW          355    .bss                main.o
    0x2000013c        -       0x00002000   Zero   RW         2333    .bss                heap_4.o
    0x2000213c        -       0x000000c8   Zero   RW         2821    .bss                tasks.o
    0x20002204   0x08002c30   0x00000004   PAD
    0x20002208        -       0x00000400   Zero   RW          276    STACK               startup_at32f413rx_hd.o


==============================================================================

Image component sizes


      Code (inc. data)   RO Data    RW Data    ZI Data      Debug   Object Name

       288         52          0         73          0     291162   at32_board.o
       408         10          0          0          0       7935   at32f4xx_adc.o
       442          8          0          0          0       4035   at32f4xx_dma.o
      1138         18          0          0          0       3773   at32f4xx_gpio.o
        20          0          0          0          0       2793   at32f4xx_it.o
       456         52         16          0          0       4494   at32f4xx_rcc.o
       530          6          0          0          0       7978   at32f4xx_usart.o
         0          0          0          0          0       9268   event_groups.o
       692         62          0         24       8192       6587   heap_4.o
       148          0          0          0          0       3162   list.o
      2178        428          0         52         68      22942   main.o
       172         22          0          0          0       2025   misc.o
       886         42          0          4          0       4210   peta.o
       894         78          0         12          0      10084   port.o
        36          8        368          0       1024        836   startup_at32f413rx_hd.o
       134         26          0         20          0       1587   system_at32f4xx.o
      1850        268          0         60        200      14265   tasks.o

    ----------------------------------------------------------------------
     10288       1080        416        248       9488     397136   Object Totals
         0          0         32          0          0          0   (incl. Generated)
        16          0          0          3          4          0   (incl. Padding)

    ----------------------------------------------------------------------

      Code (inc. data)   RO Data    RW Data    ZI Data      Debug   Library Member Name

         0          0          0          0          0          0   entry.o
         0          0          0          0          0          0   entry10a.o
         0          0          0          0          0          0   entry11a.o
         4          0          0          0          0          0   entry12b.o
         8          4          0          0          0          0   entry2.o
         4          0          0          0          0          0   entry5.o
         0          0          0          0          0          0   entry7b.o
         0          0          0          0          0          0   entry8b.o
         8          4          0          0          0          0   entry9a.o
        30          0          0          0          0          0   handlers.o
        36          8          0          0          0         68   init.o
        30          0          0          0          0         68   llshl.o
        32          0          0          0          0         68   llushr.o
        36          0          0          0          0         68   memcpya.o
        36          0          0          0          0        108   memseta.o
        36          0          0          0          0         80   strstr.o
        98          0          0          0          0         92   uldiv.o

    ----------------------------------------------------------------------
       360         16          0          0          0        552   Library Totals
         2          0          0          0          0          0   (incl. Padding)

    ----------------------------------------------------------------------

      Code (inc. data)   RO Data    RW Data    ZI Data      Debug   Library Name

       358         16          0          0          0        552   mc_w.l

    ----------------------------------------------------------------------
       360         16          0          0          0        552   Library Totals

    ----------------------------------------------------------------------

==============================================================================


      Code (inc. data)   RO Data    RW Data    ZI Data      Debug   

     10648       1096        416        248       9488     388484   Grand Totals
     10648       1096        416        248       9488     388484   ELF Image Totals
     10648       1096        416        248          0          0   ROM Totals

==============================================================================

    Total RO  Size (Code + RO Data)                11064 (  10.80kB)
    Total RW  Size (RW Data + ZI Data)              9736 (   9.51kB)
    Total ROM Size (Code + RO Data + RW Data)      11312 (  11.05kB)

==============================================================================

